// Jest Snapshot v1, https://goo.gl/fbAQLP

exports[`renders winning screen properly 1`] = `
<View
  style={
    Array [
      Object {
        "alignItems": "center",
        "flexBasis": 0,
        "flexGrow": 1,
        "flexShrink": 1,
        "justifyContent": "center",
      },
      undefined,
    ]
  }
>
  <View>
    <View
      style={
        Array [
          Object {
            "alignItems": "center",
            "top": "-50%",
          },
          undefined,
        ]
      }
    >
      <Image
        source={
          Object {
            "testUri": "../../../images/circle-check-green.png",
          }
        }
        style={
          Array [
            Object {
              "height": 20,
              "marginBottom": 10,
              "marginLeft": 10,
              "marginRight": 10,
              "marginTop": 10,
              "width": 20,
            },
            undefined,
          ]
        }
      />
      <Text
        accessible={true}
        allowFontScaling={true}
        ellipsizeMode="tail"
        style={
          Array [
            Object {
              "fontFamily": "AGaramondPro-Regular",
              "fontSize": 20,
              "fontWeight": "bold",
              "marginBottom": 10,
              "marginLeft": 10,
              "marginRight": 10,
              "marginTop": 10,
              "textAlign": "center",
            },
            undefined,
          ]
        }
      >
        You're the highest bidder
      </Text>
      <Text
        accessible={true}
        allowFontScaling={true}
        ellipsizeMode="tail"
        style={
          Array [
            Object {
              "color": "#666666",
              "fontSize": 12,
              "marginTop": 10,
            },
            undefined,
          ]
        }
      >
        Time left
      </Text>
      <Text
        accessible={true}
        allowFontScaling={true}
        ellipsizeMode="tail"
        style={
          Array [
            Object {
              "color": "#000000",
              "fontSize": 14,
              "fontWeight": "500",
            },
            undefined,
          ]
        }
      >
        00
        d 
        00
        h
         
        20
        m 
        00
        s
      </Text>
    </View>
  </View>
</View>
`;
