// Jest Snapshot v1, https://goo.gl/fbAQLP

exports[`renders properly 1`] = `
<View
  onLayout={[Function]}
  style={
    Array [
      Object {
        "flex": 1,
      },
      Object {
        "paddingBottom": 0,
      },
    ]
  }
>
  <View
    style={
      Object {
        "flexGrow": 1,
      }
    }
  >
    <Image
      accessible={true}
      left={10}
      onResponderGrant={[Function]}
      onResponderMove={[Function]}
      onResponderRelease={[Function]}
      onResponderTerminate={[Function]}
      onResponderTerminationRequest={[Function]}
      onStartShouldSetResponder={[Function]}
      position="absolute"
      source={
        Object {
          "testUri": "../../../images/angle-left.png",
        }
      }
      style={
        Array [
          Object {
            "position": "absolute",
          },
          Object {
            "zIndex": 10,
          },
        ]
      }
      top={10}
    />
    <RCTScrollView
      scrollEnabled={false}
    >
      <View>
        <View
          flex={1}
          flexDirection="column"
          justifyContent="space-between"
          m={0}
          style={
            Array [
              Object {
                "flexBasis": 0,
                "flexGrow": 1,
                "flexShrink": 1,
                "marginBottom": 0,
                "marginLeft": 0,
                "marginRight": 0,
                "marginTop": 0,
              },
            ]
          }
        >
          <View>
            <Text
              fontFamily="ReactNativeAGaramondPro-Semibold"
              fontSize="22px"
              lineHeight="28px"
              m={4}
              style={
                Array [
                  Object {
                    "fontFamily": "ReactNativeAGaramondPro-Semibold",
                    "fontSize": 22,
                    "lineHeight": 28,
                    "marginBottom": 20,
                    "marginLeft": 20,
                    "marginRight": 20,
                    "marginTop": 20,
                    "textAlign": "center",
                  },
                  Object {},
                ]
              }
              textAlign="center"
            >
              Your credit card
            </Text>
            <View
              m={4}
              style={
                Array [
                  Object {
                    "marginBottom": 20,
                    "marginLeft": 20,
                    "marginRight": 20,
                    "marginTop": 20,
                  },
                ]
              }
            >
              <Text
                fontFamily="ReactNativeAGaramondPro-Regular"
                fontSize="16px"
                lineHeight="20px"
                mb={2}
                style={
                  Array [
                    Object {
                      "fontFamily": "ReactNativeAGaramondPro-Regular",
                      "fontSize": 16,
                      "lineHeight": 20,
                      "marginBottom": 5,
                    },
                    Object {},
                  ]
                }
              >
                Card Information
              </Text>
              PaymentCardTextField
              <Text
                color="black60"
                fontFamily="Unica77LL-Regular"
                fontSize="14px"
                lineHeight="24px"
                mt="6"
                style={
                  Array [
                    Object {
                      "color": "#666",
                      "fontFamily": "Unica77LL-Regular",
                      "fontSize": 14,
                      "lineHeight": 24,
                      "marginTop": 40,
                      "textAlign": "center",
                    },
                    Object {},
                  ]
                }
                textAlign="center"
              >
                Registration is free. Artsy will never charge this card without your permission, and you are not required to use this card to pay if you win.
              </Text>
            </View>
          </View>
        </View>
      </View>
    </RCTScrollView>
  </View>
  <View
    m={4}
    style={
      Array [
        Object {
          "marginBottom": 20,
          "marginLeft": 20,
          "marginRight": 20,
          "marginTop": 20,
        },
      ]
    }
  >
    <View
      height={50}
      style={
        Array [
          Object {
            "height": 50,
          },
        ]
      }
    >
      <View
        accessible={true}
        isTVSelectable={true}
        onResponderGrant={[Function]}
        onResponderMove={[Function]}
        onResponderRelease={[Function]}
        onResponderTerminate={[Function]}
        onResponderTerminationRequest={[Function]}
        onStartShouldSetResponder={[Function]}
        style={
          Object {
            "alignItems": "center",
            "backgroundColor": "rgba(229, 229, 229, 1)",
            "borderRadius": 2,
            "flex": 1,
            "justifyContent": "center",
          }
        }
      >
        <View
          style={null}
        >
          <Text
            style={
              Array [
                Object {
                  "fontSize": 14,
                },
                Object {
                  "color": "white",
                  "opacity": 1,
                },
                Object {
                  "fontFamily": "Unica77LL-Medium",
                },
              ]
            }
          >
            Add credit card
          </Text>
        </View>
      </View>
    </View>
  </View>
</View>
`;
