// Jest Snapshot v1, https://goo.gl/fbAQLP

exports[`ArtistsExhibitorsWorksLink Renders correctly 1`] = `
<View
  flexDirection="row"
  flexWrap="nowrap"
  justifyContent="space-between"
  style={
    Array [
      Object {
        "display": "flex",
        "flexDirection": "row",
        "flexWrap": "nowrap",
        "justifyContent": "space-between",
      },
      undefined,
    ]
  }
>
  <View
    accessible={true}
    align-items="base-line"
    flexDirection="row"
    onResponderGrant={[Function]}
    onResponderMove={[Function]}
    onResponderRelease={[Function]}
    onResponderTerminate={[Function]}
    onResponderTerminationRequest={[Function]}
    onStartShouldSetResponder={[Function]}
    style={
      Array [
        Object {
          "display": "flex",
          "flexDirection": "row",
        },
        undefined,
      ]
    }
  >
    <Text
      accessible={true}
      allowFontScaling={true}
      className="sc-bdVaJa bDWFJH"
      ellipsizeMode="tail"
      fontFamily="Unica77LL-Medium"
      fontSize="14px"
      lineHeight="20px"
      style={
        Array [
          Object {
            "fontFamily": "Unica77LL-Medium",
            "fontSize": 14,
            "lineHeight": 20,
          },
          undefined,
        ]
      }
    >
      All artists
    </Text>
    <View
      ml={1}
      style={
        Array [
          Object {
            "marginLeft": 4,
          },
          undefined,
        ]
      }
    >
      <Image
        source={
          Object {
            "testUri": "../../../images/horizontal_chevron.png",
          }
        }
        style={
          Object {
            "tintColor": "#C2C2C2",
            "top": 3,
          }
        }
      />
    </View>
  </View>
  <View
    accessible={true}
    align-items="base-line"
    flexDirection="row"
    onResponderGrant={[Function]}
    onResponderMove={[Function]}
    onResponderRelease={[Function]}
    onResponderTerminate={[Function]}
    onResponderTerminationRequest={[Function]}
    onStartShouldSetResponder={[Function]}
    style={
      Array [
        Object {
          "display": "flex",
          "flexDirection": "row",
        },
        undefined,
      ]
    }
  >
    <Text
      accessible={true}
      allowFontScaling={true}
      className="sc-bdVaJa bDWFJH"
      ellipsizeMode="tail"
      fontFamily="Unica77LL-Medium"
      fontSize="14px"
      lineHeight="20px"
      style={
        Array [
          Object {
            "fontFamily": "Unica77LL-Medium",
            "fontSize": 14,
            "lineHeight": 20,
          },
          undefined,
        ]
      }
    >
      All exhibitors
    </Text>
    <View
      ml={1}
      style={
        Array [
          Object {
            "marginLeft": 4,
          },
          undefined,
        ]
      }
    >
      <Image
        source={
          Object {
            "testUri": "../../../images/horizontal_chevron.png",
          }
        }
        style={
          Object {
            "tintColor": "#C2C2C2",
            "top": 3,
          }
        }
      />
    </View>
  </View>
  <View
    accessible={true}
    align-items="base-line"
    flexDirection="row"
    onResponderGrant={[Function]}
    onResponderMove={[Function]}
    onResponderRelease={[Function]}
    onResponderTerminate={[Function]}
    onResponderTerminationRequest={[Function]}
    onStartShouldSetResponder={[Function]}
    style={
      Array [
        Object {
          "display": "flex",
          "flexDirection": "row",
        },
        undefined,
      ]
    }
  >
    <Text
      accessible={true}
      allowFontScaling={true}
      className="sc-bdVaJa bDWFJH"
      ellipsizeMode="tail"
      fontFamily="Unica77LL-Medium"
      fontSize="14px"
      lineHeight="20px"
      style={
        Array [
          Object {
            "fontFamily": "Unica77LL-Medium",
            "fontSize": 14,
            "lineHeight": 20,
          },
          undefined,
        ]
      }
    >
      All works
    </Text>
    <View
      ml={1}
      style={
        Array [
          Object {
            "marginLeft": 4,
          },
          undefined,
        ]
      }
    >
      <Image
        source={
          Object {
            "testUri": "../../../images/horizontal_chevron.png",
          }
        }
        style={
          Object {
            "tintColor": "#C2C2C2",
            "top": 3,
          }
        }
      />
    </View>
  </View>
</View>
`;
