// Jest Snapshot v1, https://goo.gl/fbAQLP

exports[`renders properly 1`] = `"<text font-family=\\"AGaramondPro-Regular\\" font-size=\\"26px\\" lineheight=\\"32px\\" mt=\\"2\\" mb=\\"3\\" class=\\"Typography-sc-1pie2ao-0 ehDCiu\\">All works</text>"`;
