// Jest Snapshot v1, https://goo.gl/fbAQLP

exports[`renders properly 1`] = `"<view mb=\\"2\\"><aropaqueimageview imageurl=\\"http://imageuploadedbymarketingteam.jpg\\" height=\\"204\\" width=\\"750\\"></aropaqueimageview></view>"`;
