// Jest Snapshot v1, https://goo.gl/fbAQLP

exports[`Fair renders properly 1`] = `
"<view><rctnavigator requestedtopofstack=\\"0\\"><rctnavitem initialroute=\\"[object Object]\\" title=\\"\\"><rctscrollview data=\\"[object Object],[object Object],[object Object],[object Object],[object Object],[object Object],[object Object],[object Object]\\" listheadercomponent=\\"[object Object]\\" initialnumtorender=\\"10\\" maxtorenderperbatch=\\"10\\" scrolleventthrottle=\\"50\\" updatecellsbatchingperiod=\\"50\\" windowsize=\\"21\\" numcolumns=\\"1\\" viewabilityconfigcallbackpairs=\\"\\" stickyheaderindices=\\"\\"><view><view><view height=\\"620\\"><aropaqueimageview imageurl=\\"https://d32dm0rphc51dk.cloudfront.net/o0Zrtm-CgwbV1syD_33DuA/square.jpg\\" aspectratio=\\"1\\" width=\\"750\\"><view></view><view flexdirection=\\"row\\" justifycontent=\\"center\\" alignitems=\\"center\\" px=\\"2\\"><view flexdirection=\\"column\\" flexgrow=\\"1\\"><image source=\\"[object Object]\\"></image><text font-family=\\"Unica77LL-Medium\\" font-size=\\"14px\\" lineheight=\\"20px\\" class=\\"sc-bdVaJa bDWFJH\\" textalign=\\"center\\" color=\\"white100\\" ellipsizemode=\\"tail\\">SOFA CHICAGO 2018</text><text font-family=\\"Unica77LL-Regular\\" font-size=\\"14px\\" lineheight=\\"24px\\" class=\\"sc-bdVaJa bDWFJH\\" textalign=\\"center\\" color=\\"white100\\" ellipsizemode=\\"tail\\">Nov 1st - Nov 4th</text></view></view><view></view></aropaqueimageview><view mt=\\"2\\"></view><view mx=\\"2\\"></view><view px=\\"2\\"><view m=\\"2\\" mt=\\"1\\"></view><view style=\\"justify-content: center; align-items: center; border-width: 1px; border-radius: 2px; height: 46px; background-color: rgb(51, 51, 51); opacity: 1;\\"><text font-family=\\"Unica77LL-Medium\\" font-size=\\"14px\\" lineheight=\\"24px\\" class=\\"sc-bdVaJa bDWFJH\\" color=\\"white\\" ellipsizemode=\\"tail\\">Save</text></view><view m=\\"1\\"></view></view></view></view><view><view px=\\"2\\" py=\\"1\\"><view><view my=\\"2\\"><text font-family=\\"Unica77LL-Medium\\" font-size=\\"14px\\" lineheight=\\"24px\\" class=\\"sc-bdVaJa bDWFJH\\" color=\\"black100\\" textalign=\\"center\\" ellipsizemode=\\"tail\\">Hello World</text></view></view></view></view><view><view px=\\"2\\" py=\\"1\\"><view flexdirection=\\"row\\" align-items=\\"base-line\\"><text font-family=\\"Unica77LL-Medium\\" font-size=\\"14px\\" lineheight=\\"20px\\" class=\\"sc-bdVaJa bDWFJH\\" ellipsizemode=\\"tail\\">View more information</text><view ml=\\"1\\"><rnsvgsvgview width=\\"16\\" height=\\"16\\" bbwidth=\\"16\\" bbheight=\\"16\\" minx=\\"0\\" miny=\\"0\\" vbwidth=\\"54\\" vbheight=\\"54\\" align=\\"xMidYMid\\" meetorslice=\\"0\\"><rnsvggroup proplist=\\"fill,fillOpacity,fillRule,stroke,strokeWidth,strokeOpacity,strokeDasharray,strokeDashoffset,strokeLinecap,strokeLinejoin,strokeMiterlimit\\" opacity=\\"1\\" matrix=\\"1,0,0,1,0,0\\" rotation=\\"0\\" scalex=\\"1\\" scaley=\\"1\\" originx=\\"0\\" originy=\\"0\\" skewx=\\"0\\" skewy=\\"0\\" x=\\"0\\" y=\\"0\\" fill=\\"0,0,0,0,1\\" fill-opacity=\\"1\\" fill-rule=\\"1\\" stroke-opacity=\\"1\\" stroke-linecap=\\"0\\" stroke-linejoin=\\"0\\" stroke-width=\\"1\\" stroke-miterlimit=\\"4\\" font=\\"[object Object]\\"><rnsvggroup proplist=\\"\\" opacity=\\"1\\" matrix=\\"1,0,0,1,0,0\\" rotation=\\"0\\" scalex=\\"1\\" scaley=\\"1\\" originx=\\"0\\" originy=\\"0\\" skewx=\\"0\\" skewy=\\"0\\" x=\\"0\\" y=\\"0\\" fill=\\"0,0,0,0,1\\" fill-opacity=\\"1\\" fill-rule=\\"1\\" stroke-opacity=\\"1\\" stroke-linecap=\\"0\\" stroke-linejoin=\\"0\\" stroke-width=\\"1\\" stroke-miterlimit=\\"4\\" font=\\"[object Object]\\"><rnsvgpath proplist=\\"fill,fillRule\\" opacity=\\"1\\" matrix=\\"1,0,0,1,0,0\\" rotation=\\"0\\" scalex=\\"1\\" scaley=\\"1\\" originx=\\"0\\" originy=\\"0\\" skewx=\\"0\\" skewy=\\"0\\" x=\\"0\\" y=\\"0\\" fill=\\"0,0.7607843137254902,0.7607843137254902,0.7607843137254902,1\\" fill-opacity=\\"1\\" fill-rule=\\"0\\" stroke-opacity=\\"1\\" stroke-linecap=\\"0\\" stroke-linejoin=\\"0\\" stroke-width=\\"1\\" stroke-miterlimit=\\"4\\" d=\\"M18.192 7.92L32.498 27 18.192 46.08a1 1 0 0 0 .2 1.4l1.6 1.2a1 1 0 0 0 1.4-.2L36.597 28.2a2 2 0 0 0 0-2.4L21.392 5.52a1 1 0 0 0-1.4-.2l-1.6 1.2a1 1 0 0 0-.2 1.4z\\"></rnsvgpath></rnsvggroup></rnsvggroup></rnsvgsvgview></view></view><view mt=\\"2\\" width=\\"100%\\"></view></view></view><view><view px=\\"2\\" py=\\"1\\"><view><view alignitems=\\"center\\" flexdirection=\\"row\\"><text font-family=\\"Unica77LL-Medium\\" font-size=\\"14px\\" lineheight=\\"20px\\" class=\\"sc-bdVaJa bDWFJH\\" ellipsizemode=\\"tail\\">Opening hours</text><view ml=\\"1\\"><rnsvgsvgview width=\\"16\\" height=\\"16\\" bbwidth=\\"16\\" bbheight=\\"16\\" minx=\\"0\\" miny=\\"0\\" vbwidth=\\"54\\" vbheight=\\"54\\" align=\\"xMidYMid\\" meetorslice=\\"0\\"><rnsvggroup proplist=\\"fill,fillOpacity,fillRule,stroke,strokeWidth,strokeOpacity,strokeDasharray,strokeDashoffset,strokeLinecap,strokeLinejoin,strokeMiterlimit\\" opacity=\\"1\\" matrix=\\"1,0,0,1,0,0\\" rotation=\\"0\\" scalex=\\"1\\" scaley=\\"1\\" originx=\\"0\\" originy=\\"0\\" skewx=\\"0\\" skewy=\\"0\\" x=\\"0\\" y=\\"0\\" fill=\\"0,0,0,0,1\\" fill-opacity=\\"1\\" fill-rule=\\"1\\" stroke-opacity=\\"1\\" stroke-linecap=\\"0\\" stroke-linejoin=\\"0\\" stroke-width=\\"1\\" stroke-miterlimit=\\"4\\" font=\\"[object Object]\\"><rnsvggroup proplist=\\"\\" opacity=\\"1\\" matrix=\\"6.123233995736766e-17,1,-1,6.123233995736766e-17,50,0\\" rotation=\\"0\\" scalex=\\"1\\" scaley=\\"1\\" originx=\\"0\\" originy=\\"0\\" skewx=\\"0\\" skewy=\\"0\\" x=\\"0\\" y=\\"0\\" fill=\\"0,0,0,0,1\\" fill-opacity=\\"1\\" fill-rule=\\"1\\" stroke-opacity=\\"1\\" stroke-linecap=\\"0\\" stroke-linejoin=\\"0\\" stroke-width=\\"1\\" stroke-miterlimit=\\"4\\" font=\\"[object Object]\\"><rnsvgpath proplist=\\"fill,fillRule\\" opacity=\\"1\\" matrix=\\"1,0,0,1,0,0\\" rotation=\\"0\\" scalex=\\"1\\" scaley=\\"1\\" originx=\\"0\\" originy=\\"0\\" skewx=\\"0\\" skewy=\\"0\\" x=\\"0\\" y=\\"0\\" fill=\\"0,0.7607843137254902,0.7607843137254902,0.7607843137254902,1\\" fill-opacity=\\"1\\" fill-rule=\\"0\\" stroke-opacity=\\"1\\" stroke-linecap=\\"0\\" stroke-linejoin=\\"0\\" stroke-width=\\"1\\" stroke-miterlimit=\\"4\\" d=\\"M18.192 7.92L32.498 27 18.192 46.08a1 1 0 0 0 .2 1.4l1.6 1.2a1 1 0 0 0 1.4-.2L36.597 28.2a2 2 0 0 0 0-2.4L21.392 5.52a1 1 0 0 0-1.4-.2l-1.6 1.2a1 1 0 0 0-.2 1.4z\\"></rnsvgpath></rnsvggroup></rnsvggroup></rnsvgsvgview></view></view><view style=\\"height: 0px; overflow: hidden;\\"><view mt=\\"2\\"><view><text font-family=\\"AGaramondPro-Regular\\" font-size=\\"16px\\" lineheight=\\"20px\\" class=\\"sc-bwzfXH uTxCW\\" color=\\"black60\\" ellipsizemode=\\"tail\\">Hello World</text>


</view></view></view></view><view mt=\\"2\\" width=\\"100%\\"></view></view></view><view><view px=\\"2\\" py=\\"1\\"><view mt=\\"1\\"><text font-family=\\"AGaramondPro-Regular\\" font-size=\\"26px\\" lineheight=\\"32px\\" class=\\"sc-bwzfXH uTxCW\\" ellipsizemode=\\"tail\\">Browse the fair</text></view></view></view><view><view px=\\"2\\" py=\\"1\\"><view justifycontent=\\"space-between\\" flexdirection=\\"row\\" flexwrap=\\"nowrap\\"><view flexdirection=\\"row\\" align-items=\\"base-line\\"><text font-family=\\"Unica77LL-Medium\\" font-size=\\"14px\\" lineheight=\\"20px\\" class=\\"sc-bdVaJa bDWFJH\\" ellipsizemode=\\"tail\\">All artists</text><view ml=\\"1\\"><rnsvgsvgview width=\\"16\\" height=\\"16\\" bbwidth=\\"16\\" bbheight=\\"16\\" minx=\\"0\\" miny=\\"0\\" vbwidth=\\"54\\" vbheight=\\"54\\" align=\\"xMidYMid\\" meetorslice=\\"0\\"><rnsvggroup proplist=\\"fill,fillOpacity,fillRule,stroke,strokeWidth,strokeOpacity,strokeDasharray,strokeDashoffset,strokeLinecap,strokeLinejoin,strokeMiterlimit\\" opacity=\\"1\\" matrix=\\"1,0,0,1,0,0\\" rotation=\\"0\\" scalex=\\"1\\" scaley=\\"1\\" originx=\\"0\\" originy=\\"0\\" skewx=\\"0\\" skewy=\\"0\\" x=\\"0\\" y=\\"0\\" fill=\\"0,0,0,0,1\\" fill-opacity=\\"1\\" fill-rule=\\"1\\" stroke-opacity=\\"1\\" stroke-linecap=\\"0\\" stroke-linejoin=\\"0\\" stroke-width=\\"1\\" stroke-miterlimit=\\"4\\" font=\\"[object Object]\\"><rnsvggroup proplist=\\"\\" opacity=\\"1\\" matrix=\\"1,0,0,1,0,0\\" rotation=\\"0\\" scalex=\\"1\\" scaley=\\"1\\" originx=\\"0\\" originy=\\"0\\" skewx=\\"0\\" skewy=\\"0\\" x=\\"0\\" y=\\"0\\" fill=\\"0,0,0,0,1\\" fill-opacity=\\"1\\" fill-rule=\\"1\\" stroke-opacity=\\"1\\" stroke-linecap=\\"0\\" stroke-linejoin=\\"0\\" stroke-width=\\"1\\" stroke-miterlimit=\\"4\\" font=\\"[object Object]\\"><rnsvgpath proplist=\\"fill,fillRule\\" opacity=\\"1\\" matrix=\\"1,0,0,1,0,0\\" rotation=\\"0\\" scalex=\\"1\\" scaley=\\"1\\" originx=\\"0\\" originy=\\"0\\" skewx=\\"0\\" skewy=\\"0\\" x=\\"0\\" y=\\"0\\" fill=\\"0,0.7607843137254902,0.7607843137254902,0.7607843137254902,1\\" fill-opacity=\\"1\\" fill-rule=\\"0\\" stroke-opacity=\\"1\\" stroke-linecap=\\"0\\" stroke-linejoin=\\"0\\" stroke-width=\\"1\\" stroke-miterlimit=\\"4\\" d=\\"M18.192 7.92L32.498 27 18.192 46.08a1 1 0 0 0 .2 1.4l1.6 1.2a1 1 0 0 0 1.4-.2L36.597 28.2a2 2 0 0 0 0-2.4L21.392 5.52a1 1 0 0 0-1.4-.2l-1.6 1.2a1 1 0 0 0-.2 1.4z\\"></rnsvgpath></rnsvggroup></rnsvggroup></rnsvgsvgview></view></view><view flexdirection=\\"row\\" align-items=\\"base-line\\"><text font-family=\\"Unica77LL-Medium\\" font-size=\\"14px\\" lineheight=\\"20px\\" class=\\"sc-bdVaJa bDWFJH\\" ellipsizemode=\\"tail\\">All exhibitors</text><view ml=\\"1\\"><rnsvgsvgview width=\\"16\\" height=\\"16\\" bbwidth=\\"16\\" bbheight=\\"16\\" minx=\\"0\\" miny=\\"0\\" vbwidth=\\"54\\" vbheight=\\"54\\" align=\\"xMidYMid\\" meetorslice=\\"0\\"><rnsvggroup proplist=\\"fill,fillOpacity,fillRule,stroke,strokeWidth,strokeOpacity,strokeDasharray,strokeDashoffset,strokeLinecap,strokeLinejoin,strokeMiterlimit\\" opacity=\\"1\\" matrix=\\"1,0,0,1,0,0\\" rotation=\\"0\\" scalex=\\"1\\" scaley=\\"1\\" originx=\\"0\\" originy=\\"0\\" skewx=\\"0\\" skewy=\\"0\\" x=\\"0\\" y=\\"0\\" fill=\\"0,0,0,0,1\\" fill-opacity=\\"1\\" fill-rule=\\"1\\" stroke-opacity=\\"1\\" stroke-linecap=\\"0\\" stroke-linejoin=\\"0\\" stroke-width=\\"1\\" stroke-miterlimit=\\"4\\" font=\\"[object Object]\\"><rnsvggroup proplist=\\"\\" opacity=\\"1\\" matrix=\\"1,0,0,1,0,0\\" rotation=\\"0\\" scalex=\\"1\\" scaley=\\"1\\" originx=\\"0\\" originy=\\"0\\" skewx=\\"0\\" skewy=\\"0\\" x=\\"0\\" y=\\"0\\" fill=\\"0,0,0,0,1\\" fill-opacity=\\"1\\" fill-rule=\\"1\\" stroke-opacity=\\"1\\" stroke-linecap=\\"0\\" stroke-linejoin=\\"0\\" stroke-width=\\"1\\" stroke-miterlimit=\\"4\\" font=\\"[object Object]\\"><rnsvgpath proplist=\\"fill,fillRule\\" opacity=\\"1\\" matrix=\\"1,0,0,1,0,0\\" rotation=\\"0\\" scalex=\\"1\\" scaley=\\"1\\" originx=\\"0\\" originy=\\"0\\" skewx=\\"0\\" skewy=\\"0\\" x=\\"0\\" y=\\"0\\" fill=\\"0,0.7607843137254902,0.7607843137254902,0.7607843137254902,1\\" fill-opacity=\\"1\\" fill-rule=\\"0\\" stroke-opacity=\\"1\\" stroke-linecap=\\"0\\" stroke-linejoin=\\"0\\" stroke-width=\\"1\\" stroke-miterlimit=\\"4\\" d=\\"M18.192 7.92L32.498 27 18.192 46.08a1 1 0 0 0 .2 1.4l1.6 1.2a1 1 0 0 0 1.4-.2L36.597 28.2a2 2 0 0 0 0-2.4L21.392 5.52a1 1 0 0 0-1.4-.2l-1.6 1.2a1 1 0 0 0-.2 1.4z\\"></rnsvgpath></rnsvggroup></rnsvggroup></rnsvgsvgview></view></view><view flexdirection=\\"row\\" align-items=\\"base-line\\"><text font-family=\\"Unica77LL-Medium\\" font-size=\\"14px\\" lineheight=\\"20px\\" class=\\"sc-bdVaJa bDWFJH\\" ellipsizemode=\\"tail\\">All works</text><view ml=\\"1\\"><rnsvgsvgview width=\\"16\\" height=\\"16\\" bbwidth=\\"16\\" bbheight=\\"16\\" minx=\\"0\\" miny=\\"0\\" vbwidth=\\"54\\" vbheight=\\"54\\" align=\\"xMidYMid\\" meetorslice=\\"0\\"><rnsvggroup proplist=\\"fill,fillOpacity,fillRule,stroke,strokeWidth,strokeOpacity,strokeDasharray,strokeDashoffset,strokeLinecap,strokeLinejoin,strokeMiterlimit\\" opacity=\\"1\\" matrix=\\"1,0,0,1,0,0\\" rotation=\\"0\\" scalex=\\"1\\" scaley=\\"1\\" originx=\\"0\\" originy=\\"0\\" skewx=\\"0\\" skewy=\\"0\\" x=\\"0\\" y=\\"0\\" fill=\\"0,0,0,0,1\\" fill-opacity=\\"1\\" fill-rule=\\"1\\" stroke-opacity=\\"1\\" stroke-linecap=\\"0\\" stroke-linejoin=\\"0\\" stroke-width=\\"1\\" stroke-miterlimit=\\"4\\" font=\\"[object Object]\\"><rnsvggroup proplist=\\"\\" opacity=\\"1\\" matrix=\\"1,0,0,1,0,0\\" rotation=\\"0\\" scalex=\\"1\\" scaley=\\"1\\" originx=\\"0\\" originy=\\"0\\" skewx=\\"0\\" skewy=\\"0\\" x=\\"0\\" y=\\"0\\" fill=\\"0,0,0,0,1\\" fill-opacity=\\"1\\" fill-rule=\\"1\\" stroke-opacity=\\"1\\" stroke-linecap=\\"0\\" stroke-linejoin=\\"0\\" stroke-width=\\"1\\" stroke-miterlimit=\\"4\\" font=\\"[object Object]\\"><rnsvgpath proplist=\\"fill,fillRule\\" opacity=\\"1\\" matrix=\\"1,0,0,1,0,0\\" rotation=\\"0\\" scalex=\\"1\\" scaley=\\"1\\" originx=\\"0\\" originy=\\"0\\" skewx=\\"0\\" skewy=\\"0\\" x=\\"0\\" y=\\"0\\" fill=\\"0,0.7607843137254902,0.7607843137254902,0.7607843137254902,1\\" fill-opacity=\\"1\\" fill-rule=\\"0\\" stroke-opacity=\\"1\\" stroke-linecap=\\"0\\" stroke-linejoin=\\"0\\" stroke-width=\\"1\\" stroke-miterlimit=\\"4\\" d=\\"M18.192 7.92L32.498 27 18.192 46.08a1 1 0 0 0 .2 1.4l1.6 1.2a1 1 0 0 0 1.4-.2L36.597 28.2a2 2 0 0 0 0-2.4L21.392 5.52a1 1 0 0 0-1.4-.2l-1.6 1.2a1 1 0 0 0-.2 1.4z\\"></rnsvgpath></rnsvggroup></rnsvggroup></rnsvgsvgview></view></view></view></view></view><view><view px=\\"2\\" py=\\"1\\"><view mt=\\"1\\"><view justifycontent=\\"center\\" height=\\"48\\" alignitems=\\"center\\" flexdirection=\\"row\\" p=\\"1\\" mb=\\"1\\"><image source=\\"[object Object]\\"></image><view width=\\"12\\"></view><text font-family=\\"Unica77LL-Medium\\" font-size=\\"12px\\" lineheight=\\"16px\\" class=\\"sc-bdVaJa bDWFJH\\" ellipsizemode=\\"tail\\">Find Exhibitors and Artists</text></view></view></view></view><view><view px=\\"2\\" py=\\"1\\"><view my=\\"1\\"><view justifycontent=\\"space-between\\" alignitems=\\"center\\" flexdirection=\\"row\\" mb=\\"1\\"><view style=\\"opacity: 1;\\"><view flexdirection=\\"row\\" alignitems=\\"center\\"><view mr=\\"1\\"><aropaqueimageview imageurl=\\"Hello World\\" aspectratio=\\"1\\"></aropaqueimageview></view><view><text font-family=\\"AGaramondPro-Regular\\" font-size=\\"14px\\" lineheight=\\"18px\\" class=\\"sc-bwzfXH uTxCW\\" ellipsizemode=\\"tail\\">Hello World</text><text font-family=\\"Unica77LL-Regular\\" font-size=\\"12px\\" lineheight=\\"16px\\" class=\\"sc-bdVaJa bDWFJH\\" color=\\"black60\\" ellipsizemode=\\"tail\\">Hello World</text></view></view></view><view width=\\"102\\" height=\\"34\\" mr=\\"1\\"><view style=\\"justify-content: center; align-items: center; border-radius: 2px; background-color: rgb(0, 0, 0); border-width: 1px;\\"><view><text ellipsizemode=\\"tail\\">Follow</text></view></view></view></view><view mt=\\"1\\"><view><view style=\\"flex-direction: row;\\" accessibilitylabel=\\"Artworks Content View\\"></view></view></view><view mt=\\"2\\"><view flexdirection=\\"row\\" align-items=\\"base-line\\"><text font-family=\\"Unica77LL-Medium\\" font-size=\\"14px\\" lineheight=\\"20px\\" class=\\"sc-bdVaJa bDWFJH\\" ellipsizemode=\\"tail\\">View all works</text><view ml=\\"1\\"><rnsvgsvgview width=\\"16\\" height=\\"16\\" bbwidth=\\"16\\" bbheight=\\"16\\" minx=\\"0\\" miny=\\"0\\" vbwidth=\\"54\\" vbheight=\\"54\\" align=\\"xMidYMid\\" meetorslice=\\"0\\"><rnsvggroup proplist=\\"fill,fillOpacity,fillRule,stroke,strokeWidth,strokeOpacity,strokeDasharray,strokeDashoffset,strokeLinecap,strokeLinejoin,strokeMiterlimit\\" opacity=\\"1\\" matrix=\\"1,0,0,1,0,0\\" rotation=\\"0\\" scalex=\\"1\\" scaley=\\"1\\" originx=\\"0\\" originy=\\"0\\" skewx=\\"0\\" skewy=\\"0\\" x=\\"0\\" y=\\"0\\" fill=\\"0,0,0,0,1\\" fill-opacity=\\"1\\" fill-rule=\\"1\\" stroke-opacity=\\"1\\" stroke-linecap=\\"0\\" stroke-linejoin=\\"0\\" stroke-width=\\"1\\" stroke-miterlimit=\\"4\\" font=\\"[object Object]\\"><rnsvggroup proplist=\\"\\" opacity=\\"1\\" matrix=\\"1,0,0,1,0,0\\" rotation=\\"0\\" scalex=\\"1\\" scaley=\\"1\\" originx=\\"0\\" originy=\\"0\\" skewx=\\"0\\" skewy=\\"0\\" x=\\"0\\" y=\\"0\\" fill=\\"0,0,0,0,1\\" fill-opacity=\\"1\\" fill-rule=\\"1\\" stroke-opacity=\\"1\\" stroke-linecap=\\"0\\" stroke-linejoin=\\"0\\" stroke-width=\\"1\\" stroke-miterlimit=\\"4\\" font=\\"[object Object]\\"><rnsvgpath proplist=\\"fill,fillRule\\" opacity=\\"1\\" matrix=\\"1,0,0,1,0,0\\" rotation=\\"0\\" scalex=\\"1\\" scaley=\\"1\\" originx=\\"0\\" originy=\\"0\\" skewx=\\"0\\" skewy=\\"0\\" x=\\"0\\" y=\\"0\\" fill=\\"0,0.7607843137254902,0.7607843137254902,0.7607843137254902,1\\" fill-opacity=\\"1\\" fill-rule=\\"0\\" stroke-opacity=\\"1\\" stroke-linecap=\\"0\\" stroke-linejoin=\\"0\\" stroke-width=\\"1\\" stroke-miterlimit=\\"4\\" d=\\"M18.192 7.92L32.498 27 18.192 46.08a1 1 0 0 0 .2 1.4l1.6 1.2a1 1 0 0 0 1.4-.2L36.597 28.2a2 2 0 0 0 0-2.4L21.392 5.52a1 1 0 0 0-1.4-.2l-1.6 1.2a1 1 0 0 0-.2 1.4z\\"></rnsvgpath></rnsvggroup></rnsvggroup></rnsvgsvgview></view></view></view></view></view></view><view><view px=\\"2\\" py=\\"1\\"><view my=\\"1\\"><view justifycontent=\\"space-between\\" alignitems=\\"center\\" flexdirection=\\"row\\" mb=\\"1\\"><view style=\\"opacity: 1;\\"><view flexdirection=\\"row\\" alignitems=\\"center\\"><view mr=\\"1\\"><aropaqueimageview imageurl=\\"Hello World\\" aspectratio=\\"1\\"></aropaqueimageview></view><view><text font-family=\\"AGaramondPro-Regular\\" font-size=\\"14px\\" lineheight=\\"18px\\" class=\\"sc-bwzfXH uTxCW\\" ellipsizemode=\\"tail\\">Hello World</text><text font-family=\\"Unica77LL-Regular\\" font-size=\\"12px\\" lineheight=\\"16px\\" class=\\"sc-bdVaJa bDWFJH\\" color=\\"black60\\" ellipsizemode=\\"tail\\">Hello World</text></view></view></view><view width=\\"102\\" height=\\"34\\" mr=\\"1\\"><view style=\\"justify-content: center; align-items: center; border-radius: 2px; background-color: rgb(0, 0, 0); border-width: 1px;\\"><view><text ellipsizemode=\\"tail\\">Follow</text></view></view></view></view><view mt=\\"1\\"><view><view style=\\"flex-direction: row;\\" accessibilitylabel=\\"Artworks Content View\\"></view></view></view><view mt=\\"2\\"><view flexdirection=\\"row\\" align-items=\\"base-line\\"><text font-family=\\"Unica77LL-Medium\\" font-size=\\"14px\\" lineheight=\\"20px\\" class=\\"sc-bdVaJa bDWFJH\\" ellipsizemode=\\"tail\\">View all works</text><view ml=\\"1\\"><rnsvgsvgview width=\\"16\\" height=\\"16\\" bbwidth=\\"16\\" bbheight=\\"16\\" minx=\\"0\\" miny=\\"0\\" vbwidth=\\"54\\" vbheight=\\"54\\" align=\\"xMidYMid\\" meetorslice=\\"0\\"><rnsvggroup proplist=\\"fill,fillOpacity,fillRule,stroke,strokeWidth,strokeOpacity,strokeDasharray,strokeDashoffset,strokeLinecap,strokeLinejoin,strokeMiterlimit\\" opacity=\\"1\\" matrix=\\"1,0,0,1,0,0\\" rotation=\\"0\\" scalex=\\"1\\" scaley=\\"1\\" originx=\\"0\\" originy=\\"0\\" skewx=\\"0\\" skewy=\\"0\\" x=\\"0\\" y=\\"0\\" fill=\\"0,0,0,0,1\\" fill-opacity=\\"1\\" fill-rule=\\"1\\" stroke-opacity=\\"1\\" stroke-linecap=\\"0\\" stroke-linejoin=\\"0\\" stroke-width=\\"1\\" stroke-miterlimit=\\"4\\" font=\\"[object Object]\\"><rnsvggroup proplist=\\"\\" opacity=\\"1\\" matrix=\\"1,0,0,1,0,0\\" rotation=\\"0\\" scalex=\\"1\\" scaley=\\"1\\" originx=\\"0\\" originy=\\"0\\" skewx=\\"0\\" skewy=\\"0\\" x=\\"0\\" y=\\"0\\" fill=\\"0,0,0,0,1\\" fill-opacity=\\"1\\" fill-rule=\\"1\\" stroke-opacity=\\"1\\" stroke-linecap=\\"0\\" stroke-linejoin=\\"0\\" stroke-width=\\"1\\" stroke-miterlimit=\\"4\\" font=\\"[object Object]\\"><rnsvgpath proplist=\\"fill,fillRule\\" opacity=\\"1\\" matrix=\\"1,0,0,1,0,0\\" rotation=\\"0\\" scalex=\\"1\\" scaley=\\"1\\" originx=\\"0\\" originy=\\"0\\" skewx=\\"0\\" skewy=\\"0\\" x=\\"0\\" y=\\"0\\" fill=\\"0,0.7607843137254902,0.7607843137254902,0.7607843137254902,1\\" fill-opacity=\\"1\\" fill-rule=\\"0\\" stroke-opacity=\\"1\\" stroke-linecap=\\"0\\" stroke-linejoin=\\"0\\" stroke-width=\\"1\\" stroke-miterlimit=\\"4\\" d=\\"M18.192 7.92L32.498 27 18.192 46.08a1 1 0 0 0 .2 1.4l1.6 1.2a1 1 0 0 0 1.4-.2L36.597 28.2a2 2 0 0 0 0-2.4L21.392 5.52a1 1 0 0 0-1.4-.2l-1.6 1.2a1 1 0 0 0-.2 1.4z\\"></rnsvgpath></rnsvggroup></rnsvggroup></rnsvgsvgview></view></view></view></view></view></view><view style=\\"height: 0px;\\"></view></view></rctscrollview></rctnavitem></rctnavigator></view>"
`;
