// Jest Snapshot v1, https://goo.gl/fbAQLP

exports[`renders properly 1`] = `"<rctscrollview data=\\"[object Object]\\" listheadercomponent=\\"[object Object]\\" initialnumtorender=\\"10\\" maxtorenderperbatch=\\"10\\" scrolleventthrottle=\\"50\\" updatecellsbatchingperiod=\\"50\\" windowsize=\\"21\\" numcolumns=\\"1\\" viewabilityconfigcallbackpairs=\\"\\" stickyheaderindices=\\"\\"><view><view><aropaqueimageview imageurl=\\"https://d32dm0rphc51dk.cloudfront.net/o0Zrtm-CgwbV1syD_33DuA/square.jpg\\" aspectratio=\\"1\\" width=\\"750\\"><view></view><image source=\\"[object Object]\\"></image></aropaqueimageview><view m=\\"1\\"></view><text font-family=\\"AGaramondPro-Semibold\\" font-size=\\"22\\" lineheight=\\"28\\" class=\\"sc-bwzfXH uTxCW\\" textalign=\\"center\\" ellipsizemode=\\"tail\\">SOFA CHICAGO 2018</text><text font-family=\\"AGaramondPro-Regular\\" font-size=\\"16\\" lineheight=\\"24\\" class=\\"sc-bwzfXH uTxCW\\" textalign=\\"center\\" ellipsizemode=\\"tail\\">Nov 1st - Nov 4th</text><view px=\\"2\\"><view m=\\"2\\"></view><view style=\\"justify-content: center; align-items: center; border-width: 1px; border-radius: 2px; height: 46px; background-color: rgb(51, 51, 51); opacity: 1;\\"><text font-family=\\"Unica77LL-Medium\\" font-size=\\"14\\" lineheight=\\"24\\" class=\\"sc-bdVaJa bDWFJH\\" color=\\"white\\" ellipsizemode=\\"tail\\">Save</text></view><view m=\\"2\\"></view><text font-family=\\"AGaramondPro-Regular\\" font-size=\\"14\\" lineheight=\\"18\\" class=\\"sc-bwzfXH uTxCW\\" ellipsizemode=\\"tail\\">The Sculpture Objects Functional Art and Design (SOFA) Fair in Chicago is the premier gallery-presented art fair dedicated to three-dimensional art and design. On par with Art Basel and TEFAF Maastricht, SOFA is produced by Urban Expositions, a Clarion Events company.</text><view m=\\"1\\"></view><view alignitems=\\"center\\" justifycontent=\\"space-between\\" flexdirection=\\"row\\" height=\\"36\\"><text font-family=\\"AvantGardeGothicITC\\" font-size=\\"14\\" lineheight=\\"18\\" class=\\"sc-htpNat KtFsv\\" ellipsizemode=\\"tail\\">More Information</text><image source=\\"[object Object]\\"></image></view></view></view><view><view><view my=\\"2\\"><text font-family=\\"Unica77LL-Medium\\" font-size=\\"14\\" lineheight=\\"24\\" class=\\"sc-bdVaJa bDWFJH\\" color=\\"#000\\" textalign=\\"center\\" ellipsizemode=\\"tail\\">SOFA CHICAGO</text></view></view></view></view></rctscrollview>"`;
