// Jest Snapshot v1, https://goo.gl/fbAQLP

exports[`looks correct when rendered 1`] = `
<View
  style={
    Array [
      Object {
        "flexDirection": "row",
      },
      Array [
        Object {
          "alignSelf": "stretch",
          "marginBottom": 10,
          "marginLeft": 20,
          "marginRight": 20,
          "marginTop": 15,
        },
        undefined,
      ],
    ]
  }
>
  <View
    style={
      Array [
        Object {
          "backgroundColor": "#e5e5e5",
          "borderRadius": 15,
          "height": 30,
          "width": 30,
        },
        undefined,
      ]
    }
  >
    <Text
      accessible={true}
      allowFontScaling={true}
      disabled={false}
      ellipsizeMode="tail"
      style={
        Array [
          Object {
            "alignSelf": "center",
            "color": "white",
            "fontFamily": "Avant Garde Gothic ITCW01Dm",
            "fontSize": 10,
            "marginTop": 8,
          },
          undefined,
        ]
      }
      user={true}
    />
  </View>
  <View
    style={
      Array [
        Object {
          "flexBasis": 0,
          "flexDirection": "column",
          "flexGrow": 1,
          "flexShrink": 1,
        },
        Array [
          Object {
            "marginLeft": 10,
          },
          undefined,
        ],
      ]
    }
  >
    <View
      style={
        Array [
          Object {
            "flexDirection": "row",
          },
          Array [
            Object {
              "alignSelf": "stretch",
              "marginBottom": 10,
            },
            undefined,
          ],
        ]
      }
    >
      <Text
        accessible={true}
        allowFontScaling={true}
        disabled={false}
        ellipsizeMode="tail"
        style={
          Array [
            Object {
              "color": "black",
              "fontSize": 11,
              "textAlign": "left",
            },
            Array [
              Object {
                "marginRight": 10,
              },
              undefined,
            ],
            Object {
              "fontFamily": "Avant Garde Gothic ITCW01Dm",
            },
          ]
        }
      >
        
      </Text>
      <Text
        accessible={true}
        allowFontScaling={true}
        disabled={false}
        ellipsizeMode="tail"
        style={
          Array [
            Object {
              "color": "#cccccc",
              "fontSize": 11,
              "textAlign": "left",
            },
            Object {},
            Object {
              "fontFamily": "Avant Garde Gothic ITCW01Dm",
            },
          ]
        }
      >
        30 MINUTES
      </Text>
    </View>
    <Text
      accessible={true}
      allowFontScaling={true}
      disabled={false}
      ellipsizeMode="tail"
      style={
        Array [
          Object {
            "color": "black",
            "fontSize": 16,
            "textAlign": "left",
          },
          false,
          Object {},
          Object {
            "fontFamily": "AGaramondPro-Regular",
          },
        ]
      }
    >
      Hi, I'm interested in purchasing this work. Could you please provide more information about the piece, including price?
    </Text>
  </View>
</View>
`;
