// Jest Snapshot v1, https://goo.gl/fbAQLP

exports[`Sets up the right view hierarchy 1`] = `
<View
  style={
    Array [
      Object {
        "backgroundColor": "black",
        "flexBasis": 0,
        "flexGrow": 1,
        "flexShrink": 1,
      },
      undefined,
    ]
  }
>
  <View
    style={
      Array [
        Object {
          "alignSelf": "center",
          "backgroundColor": "black",
          "height": "100%",
          "maxWidth": 540,
          "width": "100%",
        },
        undefined,
      ]
    }
  >
    <RCTScrollView
      style={
        Object {
          "flex": 1,
        }
      }
    >
      <View>
        <View
          style={
            Object {
              "paddingTop": 18,
            }
          }
        >
          <Text
            accessible={true}
            allowFontScaling={true}
            disabled={false}
            ellipsizeMode="tail"
            style={
              Array [
                Object {
                  "color": "white",
                  "fontSize": 30,
                  "marginBottom": 20,
                  "paddingLeft": 20,
                  "paddingRight": 20,
                  "textAlign": "center",
                },
                Object {
                  "marginLeft": 40,
                  "marginRight": 40,
                },
                Object {
                  "fontFamily": "AGaramondPro-Regular",
                },
              ]
            }
          >
            Complete work details to submit
          </Text>
          <Text
            accessible={true}
            allowFontScaling={true}
            disabled={false}
            ellipsizeMode="tail"
            style={
              Array [
                Object {
                  "color": "#cccccc",
                  "fontSize": 20,
                  "paddingLeft": 25,
                  "paddingRight": 25,
                },
                Object {
                  "textAlign": "center",
                },
                Object {
                  "fontFamily": "AGaramondPro-Italic",
                },
              ]
            }
          >
            Provide as much detail as possible so that our partners can best assess your work.
          </Text>
          <View
            style={
              Array [
                Object {
                  "backgroundColor": "black",
                  "flexBasis": 0,
                  "flexGrow": 1,
                  "flexShrink": 1,
                  "paddingBottom": 20,
                  "paddingLeft": 20,
                  "paddingRight": 20,
                  "paddingTop": 20,
                },
                undefined,
              ]
            }
          >
            <View
              style={
                Array [
                  Object {
                    "backgroundColor": "#e5e5e5",
                    "height": 1,
                  },
                  undefined,
                ]
              }
            />
            <View
              accessibilityComponentType={undefined}
              accessibilityLabel={undefined}
              accessibilityTraits={undefined}
              accessible={true}
              hasTVPreferredFocus={undefined}
              hitSlop={undefined}
              isTVSelectable={true}
              nativeID={undefined}
              onLayout={undefined}
              onResponderGrant={[Function]}
              onResponderMove={[Function]}
              onResponderRelease={[Function]}
              onResponderTerminate={[Function]}
              onResponderTerminationRequest={[Function]}
              onStartShouldSetResponder={[Function]}
              style={
                Array [
                  Object {
                    "backgroundColor": "transparent",
                  },
                  undefined,
                ]
              }
              testID={undefined}
              tvParallaxProperties={undefined}
            >
              <View
                style={
                  Array [
                    Object {
                      "alignItems": "center",
                      "flexDirection": "row",
                      "height": 60,
                    },
                    undefined,
                  ]
                }
              >
                <View
                  style={
                    Array [
                      Object {
                        "alignItems": "center",
                        "borderColor": "white",
                        "borderRadius": 13,
                        "borderWidth": 1,
                        "height": 26,
                        "justifyContent": "center",
                        "marginRight": 20,
                        "width": 26,
                      },
                      undefined,
                    ]
                  }
                >
                  <Image
                    source={1}
                  />
                </View>
                <Text
                  accessible={true}
                  allowFontScaling={true}
                  disabled={false}
                  ellipsizeMode="tail"
                  style={
                    Array [
                      Object {
                        "color": "white",
                        "flexBasis": 0,
                        "flexGrow": 1,
                        "flexShrink": 1,
                        "fontFamily": "AvantGardeGothicITC",
                      },
                      undefined,
                    ]
                  }
                >
                  ARTIST/DESIGNER
                </Text>
                <Text
                  accessible={true}
                  allowFontScaling={true}
                  disabled={false}
                  ellipsizeMode="tail"
                  style={
                    Array [
                      Object {
                        "color": "white",
                        "flexBasis": 0,
                        "flexGrow": 1,
                        "flexShrink": 1,
                        "fontFamily": "AGaramondPro-Regular",
                        "paddingTop": 6,
                        "textAlign": "right",
                      },
                      undefined,
                    ]
                  }
                >
                  
                </Text>
              </View>
            </View>
            <View
              style={
                Array [
                  Object {
                    "backgroundColor": "#e5e5e5",
                    "height": 1,
                  },
                  undefined,
                ]
              }
            />
            <View
              accessibilityComponentType={undefined}
              accessibilityLabel={undefined}
              accessibilityTraits={undefined}
              accessible={true}
              hasTVPreferredFocus={undefined}
              hitSlop={undefined}
              isTVSelectable={true}
              nativeID={undefined}
              onLayout={undefined}
              onResponderGrant={[Function]}
              onResponderMove={[Function]}
              onResponderRelease={[Function]}
              onResponderTerminate={[Function]}
              onResponderTerminationRequest={[Function]}
              onStartShouldSetResponder={[Function]}
              style={
                Array [
                  Object {
                    "backgroundColor": "transparent",
                  },
                  undefined,
                ]
              }
              testID={undefined}
              tvParallaxProperties={undefined}
            >
              <View
                style={
                  Array [
                    Object {
                      "alignItems": "center",
                      "flexDirection": "row",
                      "height": 60,
                    },
                    undefined,
                  ]
                }
              >
                <View
                  style={
                    Array [
                      Object {
                        "alignItems": "center",
                        "borderColor": "white",
                        "borderRadius": 13,
                        "borderWidth": 1,
                        "height": 26,
                        "justifyContent": "center",
                        "marginRight": 20,
                        "width": 26,
                      },
                      undefined,
                    ]
                  }
                >
                  <Image
                    source={1}
                  />
                </View>
                <Text
                  accessible={true}
                  allowFontScaling={true}
                  disabled={false}
                  ellipsizeMode="tail"
                  style={
                    Array [
                      Object {
                        "color": "white",
                        "flexBasis": 0,
                        "flexGrow": 1,
                        "flexShrink": 1,
                        "fontFamily": "AvantGardeGothicITC",
                      },
                      undefined,
                    ]
                  }
                >
                  PHOTOS
                </Text>
              </View>
            </View>
            <View
              style={
                Array [
                  Object {
                    "backgroundColor": "#e5e5e5",
                    "height": 1,
                  },
                  undefined,
                ]
              }
            />
            <View
              accessibilityComponentType={undefined}
              accessibilityLabel={undefined}
              accessibilityTraits={undefined}
              accessible={true}
              hasTVPreferredFocus={undefined}
              hitSlop={undefined}
              isTVSelectable={true}
              nativeID={undefined}
              onLayout={undefined}
              onResponderGrant={[Function]}
              onResponderMove={[Function]}
              onResponderRelease={[Function]}
              onResponderTerminate={[Function]}
              onResponderTerminationRequest={[Function]}
              onStartShouldSetResponder={[Function]}
              style={
                Array [
                  Object {
                    "backgroundColor": "transparent",
                  },
                  undefined,
                ]
              }
              testID={undefined}
              tvParallaxProperties={undefined}
            >
              <View
                style={
                  Array [
                    Object {
                      "alignItems": "center",
                      "flexDirection": "row",
                      "height": 60,
                    },
                    undefined,
                  ]
                }
              >
                <View
                  style={
                    Array [
                      Object {
                        "alignItems": "center",
                        "borderColor": "white",
                        "borderRadius": 13,
                        "borderWidth": 1,
                        "height": 26,
                        "justifyContent": "center",
                        "marginRight": 20,
                        "width": 26,
                      },
                      undefined,
                    ]
                  }
                >
                  <Image
                    source={1}
                  />
                </View>
                <Text
                  accessible={true}
                  allowFontScaling={true}
                  disabled={false}
                  ellipsizeMode="tail"
                  style={
                    Array [
                      Object {
                        "color": "white",
                        "flexBasis": 0,
                        "flexGrow": 1,
                        "flexShrink": 1,
                        "fontFamily": "AvantGardeGothicITC",
                      },
                      undefined,
                    ]
                  }
                >
                  METADATA
                </Text>
                <Text
                  accessible={true}
                  allowFontScaling={true}
                  disabled={false}
                  ellipsizeMode="tail"
                  style={
                    Array [
                      Object {
                        "color": "white",
                        "flexBasis": 0,
                        "flexGrow": 1,
                        "flexShrink": 1,
                        "fontFamily": "AGaramondPro-Regular",
                        "paddingTop": 6,
                        "textAlign": "right",
                      },
                      undefined,
                    ]
                  }
                >
                  
                </Text>
              </View>
            </View>
            <View
              style={
                Array [
                  Object {
                    "backgroundColor": "#e5e5e5",
                    "height": 1,
                  },
                  undefined,
                ]
              }
            />
            <View
              accessibilityComponentType={undefined}
              accessibilityLabel={undefined}
              accessibilityTraits={undefined}
              accessible={true}
              hasTVPreferredFocus={undefined}
              hitSlop={undefined}
              isTVSelectable={true}
              nativeID={undefined}
              onLayout={undefined}
              onResponderGrant={[Function]}
              onResponderMove={[Function]}
              onResponderRelease={[Function]}
              onResponderTerminate={[Function]}
              onResponderTerminationRequest={[Function]}
              onStartShouldSetResponder={[Function]}
              style={
                Array [
                  Object {
                    "backgroundColor": "transparent",
                  },
                  undefined,
                ]
              }
              testID={undefined}
              tvParallaxProperties={undefined}
            >
              <View
                style={
                  Array [
                    Object {
                      "alignItems": "center",
                      "flexDirection": "row",
                      "height": 60,
                    },
                    undefined,
                  ]
                }
              >
                <View
                  style={
                    Array [
                      Object {
                        "alignItems": "center",
                        "borderColor": "white",
                        "borderRadius": 13,
                        "borderWidth": 1,
                        "height": 26,
                        "justifyContent": "center",
                        "marginRight": 20,
                        "width": 26,
                      },
                      undefined,
                    ]
                  }
                >
                  <Image
                    source={1}
                  />
                </View>
                <Text
                  accessible={true}
                  allowFontScaling={true}
                  disabled={false}
                  ellipsizeMode="tail"
                  style={
                    Array [
                      Object {
                        "color": "white",
                        "flexBasis": 0,
                        "flexGrow": 1,
                        "flexShrink": 1,
                        "fontFamily": "AvantGardeGothicITC",
                      },
                      undefined,
                    ]
                  }
                >
                  LOCATION
                </Text>
                <Text
                  accessible={true}
                  allowFontScaling={true}
                  disabled={false}
                  ellipsizeMode="tail"
                  style={
                    Array [
                      Object {
                        "color": "white",
                        "flexBasis": 0,
                        "flexGrow": 1,
                        "flexShrink": 1,
                        "fontFamily": "AGaramondPro-Regular",
                        "paddingTop": 6,
                        "textAlign": "right",
                      },
                      undefined,
                    ]
                  }
                >
                  
                </Text>
              </View>
            </View>
            <View
              style={
                Array [
                  Object {
                    "backgroundColor": "#e5e5e5",
                    "height": 1,
                  },
                  undefined,
                ]
              }
            />
            <View
              accessibilityComponentType={undefined}
              accessibilityLabel={undefined}
              accessibilityTraits={undefined}
              accessible={true}
              hasTVPreferredFocus={undefined}
              hitSlop={undefined}
              isTVSelectable={true}
              nativeID={undefined}
              onLayout={undefined}
              onResponderGrant={[Function]}
              onResponderMove={[Function]}
              onResponderRelease={[Function]}
              onResponderTerminate={[Function]}
              onResponderTerminationRequest={[Function]}
              onStartShouldSetResponder={[Function]}
              style={
                Array [
                  Object {
                    "backgroundColor": "transparent",
                  },
                  undefined,
                ]
              }
              testID={undefined}
              tvParallaxProperties={undefined}
            >
              <View
                style={
                  Array [
                    Object {
                      "alignItems": "center",
                      "flexDirection": "row",
                      "height": 60,
                    },
                    undefined,
                  ]
                }
              >
                <View
                  style={
                    Array [
                      Object {
                        "alignItems": "center",
                        "borderColor": "white",
                        "borderRadius": 13,
                        "borderWidth": 1,
                        "height": 26,
                        "justifyContent": "center",
                        "marginRight": 20,
                        "width": 26,
                      },
                      undefined,
                    ]
                  }
                >
                  <Image
                    source={1}
                  />
                </View>
                <Text
                  accessible={true}
                  allowFontScaling={true}
                  disabled={false}
                  ellipsizeMode="tail"
                  style={
                    Array [
                      Object {
                        "color": "white",
                        "flexBasis": 0,
                        "flexGrow": 1,
                        "flexShrink": 1,
                        "fontFamily": "AvantGardeGothicITC",
                      },
                      undefined,
                    ]
                  }
                >
                  PROVENANCE
                </Text>
                <Text
                  accessible={true}
                  allowFontScaling={true}
                  disabled={false}
                  ellipsizeMode="tail"
                  numberOfLines={1}
                  style={
                    Array [
                      Object {
                        "color": "white",
                        "flexBasis": 0,
                        "flexGrow": 1,
                        "flexShrink": 1,
                        "fontFamily": "AGaramondPro-Regular",
                        "paddingTop": 6,
                        "textAlign": "right",
                      },
                      undefined,
                    ]
                  }
                >
                  
                </Text>
              </View>
            </View>
            <View
              style={
                Array [
                  Object {
                    "backgroundColor": "#e5e5e5",
                    "height": 1,
                  },
                  undefined,
                ]
              }
            />
          </View>
          <View
            style={
              Array [
                Object {
                  "justifyContent": "center",
                },
                Object {
                  "alignItems": "center",
                  "flexDirection": "row",
                  "paddingVertical": 6,
                },
              ]
            }
          >
            <View
              accessibilityComponentType={undefined}
              accessibilityLabel={undefined}
              accessibilityTraits={undefined}
              accessible={true}
              collapsable={undefined}
              hitSlop={undefined}
              nativeID={undefined}
              onLayout={undefined}
              onResponderGrant={[Function]}
              onResponderMove={[Function]}
              onResponderRelease={[Function]}
              onResponderTerminate={[Function]}
              onResponderTerminationRequest={[Function]}
              onStartShouldSetResponder={[Function]}
              style={
                Object {
                  "alignItems": "center",
                  "backgroundColor": "rgba(51, 51, 51, 1)",
                  "borderColor": "rgba(51, 51, 51, 1)",
                  "borderWidth": 1,
                  "height": 43,
                  "justifyContent": "center",
                  "marginTop": 20,
                  "width": 174,
                }
              }
              testID={undefined}
            >
              <Text
                accessible={true}
                allowFontScaling={true}
                disabled={false}
                ellipsizeMode="tail"
                style={
                  Array [
                    Object {
                      "fontSize": 12,
                    },
                    Object {
                      "color": "rgba(0, 0, 0, 1)",
                      "fontFamily": "AGaramondPro-Regular",
                      "opacity": 1,
                    },
                    Object {
                      "fontFamily": "AvantGardeGothicITC",
                    },
                  ]
                }
              >
                NEXT
              </Text>
            </View>
          </View>
        </View>
      </View>
    </RCTScrollView>
    <View
      accessibilityComponentType={undefined}
      accessibilityLabel={undefined}
      accessibilityTraits={undefined}
      accessible={true}
      hasTVPreferredFocus={undefined}
      hitSlop={undefined}
      isTVSelectable={true}
      nativeID={undefined}
      onLayout={undefined}
      onResponderGrant={[Function]}
      onResponderMove={[Function]}
      onResponderRelease={[Function]}
      onResponderTerminate={[Function]}
      onResponderTerminationRequest={[Function]}
      onStartShouldSetResponder={[Function]}
      style={
        Array [
          Object {
            "backgroundColor": "transparent",
          },
          Object {
            "alignItems": "center",
            "height": 40,
            "justifyContent": "center",
            "position": "absolute",
            "right": 20,
            "top": 20,
            "width": 40,
          },
        ]
      }
      testID={undefined}
      tvParallaxProperties={undefined}
    >
      <Image
        source={1}
      />
    </View>
  </View>
</View>
`;
