// Jest Snapshot v1, https://goo.gl/fbAQLP

exports[`Sets up the right view hierarchy 1`] = `
<View
  style={
    Array [
      Object {
        "backgroundColor": "black",
        "flexBasis": 0,
        "flexGrow": 1,
        "flexShrink": 1,
      },
    ]
  }
>
  <View
    style={
      Array [
        Object {
          "alignSelf": "center",
          "backgroundColor": "black",
          "height": "100%",
          "width": "100%",
        },
      ]
    }
  >
    <View
      onLayout={[Function]}
      style={
        Array [
          Object {
            "flex": 1,
          },
          Object {
            "paddingBottom": 0,
          },
        ]
      }
    >
      <View
        style={
          Object {
            "flexGrow": 1,
          }
        }
      >
        <RCTScrollView
          onScroll={[Function]}
          scrollEventThrottle={50}
          scrollsToTop={true}
          style={
            Object {
              "flex": 1,
            }
          }
        >
          <View>
            <View
              style={
                Object {
                  "paddingTop": 40,
                }
              }
            >
              <View
                px={2}
                style={
                  Array [
                    Object {
                      "paddingLeft": 20,
                      "paddingRight": 20,
                    },
                  ]
                }
              >
                <Text
                  color="#C2C2C2"
                  fontFamily="ReactNativeAGaramondPro-Regular"
                  fontSize="18px"
                  lineHeight="26px"
                  style={
                    Array [
                      Object {
                        "color": "#C2C2C2",
                        "fontFamily": "ReactNativeAGaramondPro-Regular",
                        "fontSize": 18,
                        "lineHeight": 26,
                      },
                      Object {},
                      Object {
                        "textAlign": "center",
                      },
                    ]
                  }
                >
                  We suggest adding a few photos of the work including the front and back as well as the signature.
                </Text>
              </View>
              <View
                mb={2}
                style={
                  Array [
                    Object {
                      "marginBottom": 20,
                    },
                  ]
                }
              />
              <RCTScrollView
                columnWrapperStyle={
                  Object {
                    "justifyContent": "space-between",
                    "paddingLeft": 20,
                    "paddingRight": 20,
                  }
                }
                data={
                  Array [
                    "take_photo",
                  ]
                }
                disableVirtualization={false}
                getItem={[Function]}
                getItemCount={[Function]}
                horizontal={false}
                initialNumToRender={10}
                keyExtractor={[Function]}
                maxToRenderPerBatch={10}
                numColumns={2}
                onContentSizeChange={[Function]}
                onEndReachedThreshold={2}
                onLayout={[Function]}
                onMomentumScrollEnd={[Function]}
                onScroll={[Function]}
                onScrollBeginDrag={[Function]}
                onScrollEndDrag={[Function]}
                removeClippedSubviews={false}
                renderItem={[Function]}
                scrollEventThrottle={50}
                stickyHeaderIndices={Array []}
                updateCellsBatchingPeriod={50}
                viewabilityConfigCallbackPairs={Array []}
                windowSize={21}
              >
                <View>
                  <View
                    onLayout={[Function]}
                    style={null}
                  >
                    <View
                      style={
                        Array [
                          Object {
                            "flexDirection": "row",
                          },
                          Object {
                            "justifyContent": "space-between",
                            "paddingLeft": 20,
                            "paddingRight": 20,
                          },
                        ]
                      }
                    >
                      <View
                        accessible={true}
                        focusable={true}
                        isTVSelectable={true}
                        onClick={[Function]}
                        onResponderGrant={[Function]}
                        onResponderMove={[Function]}
                        onResponderRelease={[Function]}
                        onResponderTerminate={[Function]}
                        onResponderTerminationRequest={[Function]}
                        onStartShouldSetResponder={[Function]}
                        style={
                          Object {
                            "alignItems": "center",
                            "backgroundColor": "white",
                            "height": 345,
                            "justifyContent": "center",
                            "marginBottom": 20,
                            "opacity": 1,
                            "width": 345,
                          }
                        }
                      >
                        <Image
                          source={
                            Object {
                              "testUri": "../../../images/consignments/camera-black.png",
                            }
                          }
                        />
                      </View>
                    </View>
                  </View>
                </View>
              </RCTScrollView>
            </View>
          </View>
        </RCTScrollView>
      </View>
      <View
        style={
          Array [
            Object {
              "backgroundColor": "#666666",
              "height": 1,
            },
          ]
        }
      />
      <View
        accessible={true}
        focusable={true}
        isTVSelectable={true}
        onClick={[Function]}
        onResponderGrant={[Function]}
        onResponderMove={[Function]}
        onResponderRelease={[Function]}
        onResponderTerminate={[Function]}
        onResponderTerminationRequest={[Function]}
        onStartShouldSetResponder={[Function]}
        style={
          Object {
            "backgroundColor": "black",
            "height": 44,
            "marginBottom": 20,
            "opacity": 1,
            "paddingTop": 18,
          }
        }
      >
        <Text
          style={
            Array [
              Object {
                "color": "white",
                "flexBasis": 0,
                "flexGrow": 1,
                "flexShrink": 1,
                "fontFamily": "AvantGardeGothicITC",
                "fontSize": 14,
                "textAlign": "center",
              },
            ]
          }
        >
          Done
        </Text>
      </View>
    </View>
  </View>
</View>
`;
