// Jest Snapshot v1, https://goo.gl/fbAQLP

exports[`renders correctly 1`] = `
<View
  style={
    Array [
      Object {
        "borderBottomWidth": 1,
        "borderColor": "#cccccc",
        "flexDirection": "row",
        "height": 50,
        "justifyContent": "space-around",
      },
      undefined,
    ]
  }
>
  <View
    accessibilityLabel="Page 1"
    accessibilityTraits="button"
    accessible={true}
    active={false}
    onResponderGrant={[Function]}
    onResponderMove={[Function]}
    onResponderRelease={[Function]}
    onResponderTerminate={[Function]}
    onResponderTerminationRequest={[Function]}
    onStartShouldSetResponder={[Function]}
    style={
      Array [
        Object {
          "alignItems": "center",
          "justifyContent": "center",
          "paddingLeft": 20,
          "paddingRight": 20,
          "paddingTop": 5,
        },
        undefined,
      ]
    }
  >
    <Text
      accessible={true}
      allowFontScaling={true}
      className="sc-bdVaJa bDWFJH"
      color="#cccccc"
      ellipsizeMode="tail"
      fontFamily="Unica77LL-Medium"
      fontSize="14px"
      lineHeight="24px"
      numberOfLines={1}
      style={
        Array [
          Object {
            "color": "#cccccc",
            "fontFamily": "Unica77LL-Medium",
            "fontSize": 14,
            "lineHeight": 24,
          },
          undefined,
        ]
      }
    >
      Page 1
    </Text>
  </View>
  <View
    accessibilityLabel="Page 2"
    accessibilityTraits="button"
    accessible={true}
    active={false}
    onResponderGrant={[Function]}
    onResponderMove={[Function]}
    onResponderRelease={[Function]}
    onResponderTerminate={[Function]}
    onResponderTerminationRequest={[Function]}
    onStartShouldSetResponder={[Function]}
    style={
      Array [
        Object {
          "alignItems": "center",
          "justifyContent": "center",
          "paddingLeft": 20,
          "paddingRight": 20,
          "paddingTop": 5,
        },
        undefined,
      ]
    }
  >
    <Text
      accessible={true}
      allowFontScaling={true}
      className="sc-bdVaJa bDWFJH"
      color="#cccccc"
      ellipsizeMode="tail"
      fontFamily="Unica77LL-Medium"
      fontSize="14px"
      lineHeight="24px"
      numberOfLines={1}
      style={
        Array [
          Object {
            "color": "#cccccc",
            "fontFamily": "Unica77LL-Medium",
            "fontSize": 14,
            "lineHeight": 24,
          },
          undefined,
        ]
      }
    >
      Page 2
    </Text>
  </View>
  <View
    accessibilityLabel="Page 3"
    accessibilityTraits="button"
    accessible={true}
    active={false}
    onResponderGrant={[Function]}
    onResponderMove={[Function]}
    onResponderRelease={[Function]}
    onResponderTerminate={[Function]}
    onResponderTerminationRequest={[Function]}
    onStartShouldSetResponder={[Function]}
    style={
      Array [
        Object {
          "alignItems": "center",
          "justifyContent": "center",
          "paddingLeft": 20,
          "paddingRight": 20,
          "paddingTop": 5,
        },
        undefined,
      ]
    }
  >
    <Text
      accessible={true}
      allowFontScaling={true}
      className="sc-bdVaJa bDWFJH"
      color="#cccccc"
      ellipsizeMode="tail"
      fontFamily="Unica77LL-Medium"
      fontSize="14px"
      lineHeight="24px"
      numberOfLines={1}
      style={
        Array [
          Object {
            "color": "#cccccc",
            "fontFamily": "Unica77LL-Medium",
            "fontSize": 14,
            "lineHeight": 24,
          },
          undefined,
        ]
      }
    >
      Page 3
    </Text>
  </View>
</View>
`;
