// Jest Snapshot v1, https://goo.gl/fbAQLP

exports[`renders properly 1`] = `
<Text
  className="Typography-sc-1pie2ao-0 ehDCiu"
  fontFamily="AGaramondPro-Semibold"
  fontSize="22px"
  lineHeight="28px"
  m={4}
  style={
    Array [
      Object {
        "fontFamily": "AGaramondPro-Semibold",
        "fontSize": 22,
        "lineHeight": 28,
        "marginBottom": 40,
        "marginLeft": 40,
        "marginRight": 40,
        "marginTop": 40,
        "textAlign": "center",
      },
    ]
  }
  textAlign="center"
>
  Confirm your bid
</Text>
`;
