// Jest Snapshot v1, https://goo.gl/fbAQLP

exports[`looks correct when rendered 1`] = `
Array [
  <Text
    accessible={true}
    allowFontScaling={true}
    className="sc-bwzfXH uTxCW"
    ellipsizeMode="tail"
    fontFamily="AGaramondPro-Regular"
    fontSize={22}
    lineHeight={32}
    my={1}
    style={
      Array [
        Object {
          "fontFamily": "AGaramondPro-Regular",
          "fontSize": 22,
          "lineHeight": 32,
          "marginBottom": 4,
          "marginTop": 4,
        },
        undefined,
      ]
    }
  >
    All works
  </Text>,
  <View
    onLayout={[Function]}
  >
    <View
      accessibilityLabel="Artworks Content View"
      style={
        Object {
          "flexDirection": "row",
        }
      }
    />
  </View>,
  <Text
    accessible={true}
    allowFontScaling={true}
    className="sc-bdVaJa bDWFJH"
    ellipsizeMode="tail"
    fontFamily="Unica77LL-Medium"
    fontSize={14}
    lineHeight={24}
    my={2}
    style={
      Array [
        Object {
          "fontFamily": "Unica77LL-Medium",
          "fontSize": 14,
          "lineHeight": 24,
          "marginBottom": 8,
          "marginTop": 8,
        },
        undefined,
      ]
    }
  >
    View all works
  </Text>,
]
`;
