// Jest Snapshot v1, https://goo.gl/fbAQLP

exports[`looks correct when rendered 1`] = `
<View>
  <View
    pl="2"
    pr="2"
    style={
      Array [
        Object {
          "display": "flex",
          "paddingLeft": 20,
          "paddingRight": 20,
        },
      ]
    }
  >
    <View
      alignItems="center"
      flexDirection="row"
      mb="1"
      mt="3"
      style={
        Array [
          Object {
            "alignItems": "center",
            "display": "flex",
            "flexDirection": "row",
            "marginBottom": 10,
            "marginTop": 30,
          },
        ]
      }
    >
      <View
        style={
          Object {
            "flex": 1,
            "overflow": "hidden",
          }
        }
      >
        <Text
          data-test-id="title"
          ellipsizeMode="tail"
          fontFamily="Unica77LL-Regular"
          fontSize="16px"
          lineHeight="26px"
          numberOfLines={1}
          style={
            Array [
              Object {
                "fontFamily": "Unica77LL-Regular",
                "fontSize": 16,
                "lineHeight": 26,
              },
              Object {},
            ]
          }
        >
          Recommended Art Fairs
        </Text>
      </View>
    </View>
  </View>
  <RCTScrollView
    horizontal={true}
    showsHorizontalScrollIndicator={false}
    style={
      Array [
        Object {
          "flexDirection": "row",
          "marginLeft": 16,
          "marginRight": 16,
          "overflow": "visible",
        },
      ]
    }
  >
    <View>
      <View
        accessible={true}
        focusable={true}
        isTVSelectable={true}
        onClick={[Function]}
        onResponderGrant={[Function]}
        onResponderMove={[Function]}
        onResponderRelease={[Function]}
        onResponderTerminate={[Function]}
        onResponderTerminationRequest={[Function]}
        onStartShouldSetResponder={[Function]}
        style={
          Object {
            "borderRadius": 60,
            "height": 120,
            "marginRight": 7,
            "width": 120,
          }
        }
      >
        <View
          style={
            Array [
              Object {
                "marginLeft": 4,
                "marginRight": 4,
              },
              null,
            ]
          }
        >
          <AROpaqueImageView
            imageURL="https://neopets.jpg"
            placeholderBackgroundColor="white"
            style={
              Object {
                "borderRadius": 60,
                "height": 120,
                "marginRight": 7,
                "width": 120,
              }
            }
          />
        </View>
      </View>
    </View>
  </RCTScrollView>
</View>
`;
