// Jest Snapshot v1, https://goo.gl/fbAQLP

exports[`getSubjectArtist looks correct when rendered 1`] = `
<View
  style={
    Array [
      Object {
        "paddingBottom": 20,
        "paddingLeft": 20,
        "paddingRight": 20,
        "paddingTop": 20,
      },
      undefined,
    ]
  }
>
  <View
    background="#F8F8F8"
    height="220px"
    style={
      Array [
        Object {
          "display": "flex",
          "height": 220,
          "width": "100%",
        },
        Array [
          Object {
            "backgroundColor": "#F8F8F8",
            "borderColor": "#E5E5E5",
            "borderRadius": 2,
            "borderStyle": "solid",
            "borderWidth": 1,
            "height": 220,
            "paddingBottom": 20,
            "paddingLeft": 20,
            "paddingRight": 20,
            "paddingTop": 20,
            "width": "100%",
          },
          undefined,
        ],
      ]
    }
    width="100%"
  />
  <View
    my={2}
    style={
      Array [
        Object {
          "marginBottom": 8,
          "marginTop": 8,
        },
        undefined,
      ]
    }
  >
    <Text
      accessible={true}
      allowFontScaling={true}
      className="sc-bdVaJa bDWFJH"
      ellipsizeMode="tail"
      fontFamily="Unica77LL-Regular"
      fontSize={14}
      lineHeight={24}
      style={
        Array [
          Object {
            "fontFamily": "Unica77LL-Regular",
            "fontSize": 14,
            "lineHeight": 24,
          },
          undefined,
        ]
      }
    >
      Introducing a new way to buy on Artsy
    </Text>
  </View>
  <View
    accessibilityComponentType={undefined}
    accessibilityLabel={undefined}
    accessibilityTraits={undefined}
    accessible={true}
    collapsable={undefined}
    hitSlop={undefined}
    nativeID={undefined}
    onLayout={undefined}
    onResponderGrant={[Function]}
    onResponderMove={[Function]}
    onResponderRelease={[Function]}
    onResponderTerminate={[Function]}
    onResponderTerminationRequest={[Function]}
    onStartShouldSetResponder={[Function]}
    style={
      Object {
        "alignItems": "center",
        "backgroundColor": "rgba(51, 51, 51, 1)",
        "borderColor": "transparent",
        "borderRadius": 2,
        "borderWidth": 1,
        "height": 36,
        "justifyContent": "center",
        "opacity": 1,
        "width": 130,
      }
    }
    testID={undefined}
  >
    <Text
      accessible={true}
      allowFontScaling={true}
      ellipsizeMode="tail"
      style={
        Array [
          Object {
            "fontSize": 12,
          },
          Object {
            "fontFamily": "AvantGardeGothicITC",
          },
          Object {
            "color": "rgba(204, 204, 204, 1)",
            "fontFamily": "Unica77LL-Medium",
            "fontSize": 14,
            "opacity": 1,
            "textShadowColor": "white",
          },
        ]
      }
    >
      Browse works
    </Text>
  </View>
  <View
    mt={4}
    style={
      Array [
        Object {
          "marginTop": 32,
        },
        undefined,
      ]
    }
  >
    <View
      style={
        Array [
          Object {
            "borderBottomWidth": 0,
            "borderColor": "#E5E5E5",
            "borderStyle": "solid",
            "borderWidth": 1,
            "width": "100%",
          },
          undefined,
        ]
      }
      width="100%"
    />
  </View>
</View>
`;
