// Jest Snapshot v1, https://goo.gl/fbAQLP

exports[`renders properly 1`] = `"<rctscrollview data=\\"[object Object],[object Object]\\" listheadercomponent=\\"[object Object]\\" initialnumtorender=\\"10\\" maxtorenderperbatch=\\"10\\" scrolleventthrottle=\\"50\\" updatecellsbatchingperiod=\\"50\\" windowsize=\\"21\\" numcolumns=\\"1\\" viewabilityconfigcallbackpairs=\\"\\" stickyheaderindices=\\"\\"><view><view><view pt=\\"12\\" px=\\"2\\"><text font-family=\\"AGaramondPro-Regular\\" font-size=\\"32px\\" lineheight=\\"38px\\" class=\\"sc-bwzfXH uTxCW\\" ellipsizemode=\\"tail\\">Two Palms</text><view m=\\"0.3\\"></view><text font-family=\\"Unica77LL-Medium\\" font-size=\\"14px\\" lineheight=\\"20px\\" class=\\"sc-bdVaJa bDWFJH\\" ellipsizemode=\\"tail\\">Art Basel in Miami Beach 2018 â€¢ Booth</text><view m=\\"0.5\\"></view><text font-family=\\"AGaramondPro-Regular\\" font-size=\\"16px\\" lineheight=\\"20px\\" class=\\"sc-bwzfXH uTxCW\\" ellipsizemode=\\"tail\\">Galleries</text><view m=\\"0.3\\"></view><text font-family=\\"Unica77LL-Regular\\" font-size=\\"14px\\" lineheight=\\"20px\\" class=\\"sc-bdVaJa bDWFJH\\" color=\\"black60\\" ellipsizemode=\\"tail\\">26 works by 7 artists</text><view m=\\"6\\"></view><view style=\\"justify-content: center; align-items: center; border-width: 1px; border-radius: 2px; height: 46px; background-color: rgb(0, 0, 0); opacity: 1;\\"><text font-family=\\"Unica77LL-Medium\\" font-size=\\"14px\\" lineheight=\\"24px\\" class=\\"sc-bdVaJa bDWFJH\\" color=\\"white\\" ellipsizemode=\\"tail\\">Follow gallery</text></view></view></view><view><view px=\\"2\\" py=\\"2\\"><text font-family=\\"AGaramondPro-Regular\\" font-size=\\"26px\\" lineheight=\\"32px\\" class=\\"sc-bwzfXH uTxCW\\" mt=\\"2\\" mb=\\"3\\" ellipsizemode=\\"tail\\">All works</text><view><view style=\\"flex-direction: row;\\" accessibilitylabel=\\"Artworks Content View\\"></view></view><view style=\\"opacity: 1;\\"><text font-family=\\"Unica77LL-Medium\\" font-size=\\"14px\\" lineheight=\\"24px\\" class=\\"sc-bdVaJa bDWFJH\\" my=\\"2\\" ellipsizemode=\\"tail\\">View all works</text></view></view></view><view><view px=\\"2\\" py=\\"2\\"><text font-family=\\"AGaramondPro-Regular\\" font-size=\\"22px\\" lineheight=\\"32px\\" class=\\"sc-bwzfXH uTxCW\\" ellipsizemode=\\"tail\\">Artists</text><view m=\\"1\\"></view><view style=\\"opacity: 1;\\"><view justifycontent=\\"space-between\\" alignitems=\\"center\\" flexdirection=\\"row\\"><aropaqueimageview imageurl=\\"https://d32dm0rphc51dk.cloudfront.net/U0Ap3ZESNaZ1XHJQr8pmhw/tall.jpg\\" aspectratio=\\"1\\"></aropaqueimageview><view m=\\"1\\"></view><view flexdirection=\\"column\\" alignitems=\\"flex-start\\"><text font-family=\\"AGaramondPro-Regular\\" font-size=\\"16px\\" lineheight=\\"20px\\" class=\\"sc-bwzfXH uTxCW\\" ellipsizemode=\\"tail\\">Cecily Brown</text><text font-family=\\"Unica77LL-Regular\\" font-size=\\"14px\\" lineheight=\\"20px\\" class=\\"sc-bdVaJa bDWFJH\\" color=\\"black60\\" ellipsizemode=\\"tail\\">British, b. 1969</text></view><view m=\\"1\\"></view><view width=\\"102\\" height=\\"34\\"><view style=\\"justify-content: center; align-items: center; border-radius: 2px; background-color: rgb(0, 0, 0); border-width: 1px;\\"><view><text ellipsizemode=\\"tail\\">Follow</text></view></view></view></view></view><view m=\\"1\\"></view><view style=\\"opacity: 1;\\"><view justifycontent=\\"space-between\\" alignitems=\\"center\\" flexdirection=\\"row\\"><aropaqueimageview imageurl=\\"https://d32dm0rphc51dk.cloudfront.net/J98XhW9fvRVV-IDdAFY_ig/tall.jpg\\" aspectratio=\\"1\\"></aropaqueimageview><view m=\\"1\\"></view><view flexdirection=\\"column\\" alignitems=\\"flex-start\\"><text font-family=\\"AGaramondPro-Regular\\" font-size=\\"16px\\" lineheight=\\"20px\\" class=\\"sc-bwzfXH uTxCW\\" ellipsizemode=\\"tail\\">Jeff Koons</text><text font-family=\\"Unica77LL-Regular\\" font-size=\\"14px\\" lineheight=\\"20px\\" class=\\"sc-bdVaJa bDWFJH\\" color=\\"black60\\" ellipsizemode=\\"tail\\">American, b. 1955</text></view><view m=\\"1\\"></view><view width=\\"102\\" height=\\"34\\"><view style=\\"justify-content: center; align-items: center; border-radius: 2px; background-color: rgb(0, 0, 0); border-width: 1px;\\"><view><text ellipsizemode=\\"tail\\">Follow</text></view></view></view></view></view><view m=\\"1\\"></view><view style=\\"opacity: 1;\\"><view justifycontent=\\"space-between\\" alignitems=\\"center\\" flexdirection=\\"row\\"><aropaqueimageview imageurl=\\"https://d32dm0rphc51dk.cloudfront.net/gpxuOQYgaDxHycQRA9ZBSQ/tall.jpg\\" aspectratio=\\"1\\"></aropaqueimageview><view m=\\"1\\"></view><view flexdirection=\\"column\\" alignitems=\\"flex-start\\"><text font-family=\\"AGaramondPro-Regular\\" font-size=\\"16px\\" lineheight=\\"20px\\" class=\\"sc-bwzfXH uTxCW\\" ellipsizemode=\\"tail\\">Elizabeth Peyton</text><text font-family=\\"Unica77LL-Regular\\" font-size=\\"14px\\" lineheight=\\"20px\\" class=\\"sc-bdVaJa bDWFJH\\" color=\\"black60\\" ellipsizemode=\\"tail\\">American, b. 1965</text></view><view m=\\"1\\"></view><view width=\\"102\\" height=\\"34\\"><view style=\\"justify-content: center; align-items: center; border-radius: 2px; background-color: rgb(0, 0, 0); border-width: 1px;\\"><view><text ellipsizemode=\\"tail\\">Follow</text></view></view></view></view></view><view m=\\"1\\"></view><view style=\\"opacity: 1;\\"><view justifycontent=\\"space-between\\" alignitems=\\"center\\" flexdirection=\\"row\\"><aropaqueimageview imageurl=\\"https://d32dm0rphc51dk.cloudfront.net/SjhBVNSH4IzXyPJj7sa2YA/tall.jpg\\" aspectratio=\\"1\\"></aropaqueimageview><view m=\\"1\\"></view><view flexdirection=\\"column\\" alignitems=\\"flex-start\\"><text font-family=\\"AGaramondPro-Regular\\" font-size=\\"16px\\" lineheight=\\"20px\\" class=\\"sc-bwzfXH uTxCW\\" ellipsizemode=\\"tail\\">Stanley Whitney</text><text font-family=\\"Unica77LL-Regular\\" font-size=\\"14px\\" lineheight=\\"20px\\" class=\\"sc-bdVaJa bDWFJH\\" color=\\"black60\\" ellipsizemode=\\"tail\\">American, b. 1946</text></view><view m=\\"1\\"></view><view width=\\"102\\" height=\\"34\\"><view style=\\"justify-content: center; align-items: center; border-radius: 2px; background-color: rgb(0, 0, 0); border-width: 1px;\\"><view><text ellipsizemode=\\"tail\\">Follow</text></view></view></view></view></view><view m=\\"1\\"></view><view style=\\"opacity: 1;\\"><view justifycontent=\\"space-between\\" alignitems=\\"center\\" flexdirection=\\"row\\"><aropaqueimageview imageurl=\\"https://d32dm0rphc51dk.cloudfront.net/6xsCdFDWx3eFePd1LrzX0Q/tall.jpg\\" aspectratio=\\"1\\"></aropaqueimageview><view m=\\"1\\"></view><view flexdirection=\\"column\\" alignitems=\\"flex-start\\"><text font-family=\\"AGaramondPro-Regular\\" font-size=\\"16px\\" lineheight=\\"20px\\" class=\\"sc-bwzfXH uTxCW\\" ellipsizemode=\\"tail\\">Mel Bochner</text><text font-family=\\"Unica77LL-Regular\\" font-size=\\"14px\\" lineheight=\\"20px\\" class=\\"sc-bdVaJa bDWFJH\\" color=\\"black60\\" ellipsizemode=\\"tail\\">American, b. 1940</text></view><view m=\\"1\\"></view><view width=\\"102\\" height=\\"34\\"><view style=\\"justify-content: center; align-items: center; border-radius: 2px; background-color: rgb(0, 0, 0); border-width: 1px;\\"><view><text ellipsizemode=\\"tail\\">Follow</text></view></view></view></view></view><view m=\\"1\\"></view><view style=\\"opacity: 1;\\"><text font-family=\\"Unica77LL-Medium\\" font-size=\\"14px\\" lineheight=\\"24px\\" class=\\"sc-bdVaJa bDWFJH\\" my=\\"2\\" ellipsizemode=\\"tail\\">View all artists</text></view></view></view><view style=\\"height: 0px;\\"></view></view></rctscrollview>"`;
