// Jest Snapshot v1, https://goo.gl/fbAQLP

exports[`looks correct when rendered 1`] = `
<View
  mb={0.5}
  mt={2}
  style={
    Array [
      Object {
        "display": "flex",
        "marginBottom": 0.5,
        "marginTop": 8,
      },
      Array [
        Object {
          "borderColor": "#E5E5E5",
          "borderWidth": 1,
        },
        undefined,
      ],
    ]
  }
>
  <View
    my={2}
    style={
      Array [
        Object {
          "marginBottom": 8,
          "marginTop": 8,
        },
        undefined,
      ]
    }
  >
    <Text
      accessible={true}
      allowFontScaling={true}
      className="sc-bdVaJa bDWFJH"
      color="#000"
      ellipsizeMode="tail"
      fontFamily="Unica77LL-Medium"
      fontSize={14}
      lineHeight={24}
      style={
        Array [
          Object {
            "color": "#000",
            "fontFamily": "Unica77LL-Medium",
            "fontSize": 14,
            "lineHeight": 24,
            "textAlign": "center",
          },
          undefined,
        ]
      }
      textAlign="center"
    >
      Joseph K. Levene Fine Art, Ltd.
    </Text>
    <Text
      accessible={true}
      allowFontScaling={true}
      className="sc-bwzfXH uTxCW"
      color="#666"
      ellipsizeMode="tail"
      fontFamily="AGaramondPro-Regular"
      fontSize={16}
      lineHeight={24}
      style={
        Array [
          Object {
            "color": "#666",
            "fontFamily": "AGaramondPro-Regular",
            "fontSize": 16,
            "lineHeight": 24,
            "textAlign": "center",
          },
          undefined,
        ]
      }
      textAlign="center"
    >
      25 Central Park West
    </Text>
    
  </View>
</View>
`;
