// Jest Snapshot v1, https://goo.gl/fbAQLP

exports[`PartnerLocations It looks correct when rendered 1`] = `ReactWrapper {}`;
