// Jest Snapshot v1, https://goo.gl/fbAQLP

exports[`Sets up the right view hierarchy 1`] = `
<View
  style={
    Object {
      "flex": 1,
    }
  }
>
  <RCTNavigator
    interactivePopGestureEnabled={undefined}
    onNavigationComplete={[Function]}
    requestedTopOfStack={0}
    style={
      Object {
        "flex": 1,
      }
    }
    vertical={undefined}
  >
    <RCTNavItem
      initialRoute={
        Object {
          "component": [Function],
          "title": "Welcome",
        }
      }
      navigationBarHidden={true}
      style={
        Array [
          Object {
            "backgroundColor": "white",
            "bottom": 0,
            "left": 0,
            "overflow": "hidden",
            "position": "absolute",
            "right": 0,
            "top": 0,
          },
          undefined,
          undefined,
        ]
      }
      title="Welcome"
      translucent={true}
    >
      <View
        style={
          Array [
            Object {
              "backgroundColor": "black",
              "flexBasis": 0,
              "flexGrow": 1,
              "flexShrink": 1,
            },
            undefined,
          ]
        }
      >
        <View
          style={
            Array [
              Object {
                "alignSelf": "center",
                "backgroundColor": "black",
                "height": "100%",
                "width": "100%",
              },
              undefined,
            ]
          }
        >
          <RCTScrollView
            centerContent={true}
            style={
              Object {
                "flex": 1,
              }
            }
          >
            <View>
              <View
                style={
                  Array [
                    Object {
                      "alignItems": "center",
                      "flexBasis": 0,
                      "flexDirection": "column",
                      "flexGrow": 1,
                      "flexShrink": 1,
                      "maxHeight": 800,
                      "minHeight": 400,
                    },
                    undefined,
                  ]
                }
              >
                <Text
                  accessible={true}
                  allowFontScaling={true}
                  disabled={false}
                  ellipsizeMode="tail"
                  style={
                    Array [
                      Object {
                        "alignSelf": "center",
                        "color": "white",
                        "fontFamily": "AvantGardeGothicITC",
                        "fontSize": 46,
                        "lineHeight": 58,
                        "marginTop": 80,
                        "textAlign": "center",
                        "width": 700,
                      },
                      undefined,
                    ]
                  }
                >
                  SELL WORKS FROM YOUR COLLECTION
                </Text>
                <View
                  style={
                    Array [
                      Object {
                        "alignItems": "center",
                        "paddingTop": 80,
                      },
                      undefined,
                    ]
                  }
                >
                  <View
                    style={
                      Array [
                        Object {
                          "flexBasis": 0,
                          "flexDirection": "row",
                          "flexGrow": 1,
                          "flexShrink": 1,
                          "marginBottom": 0,
                          "marginLeft": 0,
                          "marginTop": 50,
                        },
                        undefined,
                      ]
                    }
                  >
                    <Image
                      source={1}
                      style={
                        Array [
                          Object {
                            "resizeMode": "contain",
                            "width": 40,
                          },
                          undefined,
                        ]
                      }
                    />
                    <Text
                      accessible={true}
                      allowFontScaling={true}
                      disabled={false}
                      ellipsizeMode="tail"
                      style={
                        Array [
                          Object {
                            "color": "white",
                            "fontSize": 30,
                            "marginBottom": 20,
                            "paddingLeft": 20,
                            "paddingRight": 20,
                            "textAlign": "center",
                          },
                          Array [
                            Object {
                              "color": "white",
                              "fontSize": 34,
                              "minHeight": 60,
                              "textAlign": "left",
                              "width": 540,
                            },
                            undefined,
                          ],
                          Object {
                            "fontFamily": "AGaramondPro-Regular",
                          },
                        ]
                      }
                    >
                      Take a few photos and submit details about the work
                    </Text>
                  </View>
                  <View
                    style={
                      Array [
                        Object {
                          "flexBasis": 0,
                          "flexDirection": "row",
                          "flexGrow": 1,
                          "flexShrink": 1,
                          "marginBottom": 0,
                          "marginLeft": 0,
                          "marginTop": 50,
                        },
                        undefined,
                      ]
                    }
                  >
                    <Image
                      source={1}
                      style={
                        Array [
                          Object {
                            "resizeMode": "contain",
                            "width": 40,
                          },
                          undefined,
                        ]
                      }
                    />
                    <Text
                      accessible={true}
                      allowFontScaling={true}
                      disabled={false}
                      ellipsizeMode="tail"
                      style={
                        Array [
                          Object {
                            "color": "white",
                            "fontSize": 30,
                            "marginBottom": 20,
                            "paddingLeft": 20,
                            "paddingRight": 20,
                            "textAlign": "center",
                          },
                          Array [
                            Object {
                              "color": "white",
                              "fontSize": 34,
                              "minHeight": 60,
                              "textAlign": "left",
                              "width": 540,
                            },
                            undefined,
                          ],
                          Object {
                            "fontFamily": "AGaramondPro-Regular",
                          },
                        ]
                      }
                    >
                      Get the offers from galleries and auction houses
                    </Text>
                  </View>
                  <View
                    style={
                      Array [
                        Object {
                          "flexBasis": 0,
                          "flexDirection": "row",
                          "flexGrow": 1,
                          "flexShrink": 1,
                          "marginBottom": 0,
                          "marginLeft": 0,
                          "marginTop": 50,
                        },
                        undefined,
                      ]
                    }
                  >
                    <Image
                      source={1}
                      style={
                        Array [
                          Object {
                            "resizeMode": "contain",
                            "width": 40,
                          },
                          undefined,
                        ]
                      }
                    />
                    <Text
                      accessible={true}
                      allowFontScaling={true}
                      disabled={false}
                      ellipsizeMode="tail"
                      style={
                        Array [
                          Object {
                            "color": "white",
                            "fontSize": 30,
                            "marginBottom": 20,
                            "paddingLeft": 20,
                            "paddingRight": 20,
                            "textAlign": "center",
                          },
                          Array [
                            Object {
                              "color": "white",
                              "fontSize": 34,
                              "minHeight": 60,
                              "textAlign": "left",
                              "width": 540,
                            },
                            undefined,
                          ],
                          Object {
                            "fontFamily": "AGaramondPro-Regular",
                          },
                        ]
                      }
                    >
                      Have your work placed in a gallery or upcoming sale
                    </Text>
                  </View>
                  <View
                    style={
                      Array [
                        Object {
                          "flexBasis": 0,
                          "flexDirection": "row",
                          "flexGrow": 1,
                          "flexShrink": 1,
                          "marginBottom": 0,
                          "marginLeft": 0,
                          "marginTop": 50,
                        },
                        undefined,
                      ]
                    }
                  >
                    <Image
                      source={1}
                      style={
                        Array [
                          Object {
                            "resizeMode": "contain",
                            "width": 40,
                          },
                          undefined,
                        ]
                      }
                    />
                    <Text
                      accessible={true}
                      allowFontScaling={true}
                      disabled={false}
                      ellipsizeMode="tail"
                      style={
                        Array [
                          Object {
                            "color": "white",
                            "fontSize": 30,
                            "marginBottom": 20,
                            "paddingLeft": 20,
                            "paddingRight": 20,
                            "textAlign": "center",
                          },
                          Array [
                            Object {
                              "color": "white",
                              "fontSize": 34,
                              "minHeight": 60,
                              "textAlign": "left",
                              "width": 540,
                            },
                            undefined,
                          ],
                          Object {
                            "fontFamily": "AGaramondPro-Regular",
                          },
                        ]
                      }
                    >
                      Receive payment once the work sells
                    </Text>
                  </View>
                  <View
                    style={
                      Array [
                        Object {
                          "alignItems": "center",
                          "flexBasis": 0,
                          "flexGrow": 1,
                          "flexShrink": 1,
                        },
                        undefined,
                      ]
                    }
                  >
                    <View
                      accessibilityComponentType={undefined}
                      accessibilityLabel={undefined}
                      accessibilityTraits={undefined}
                      accessible={true}
                      collapsable={undefined}
                      hitSlop={undefined}
                      nativeID={undefined}
                      onLayout={undefined}
                      onResponderGrant={[Function]}
                      onResponderMove={[Function]}
                      onResponderRelease={[Function]}
                      onResponderTerminate={[Function]}
                      onResponderTerminationRequest={[Function]}
                      onStartShouldSetResponder={[Function]}
                      style={
                        Object {
                          "alignItems": "center",
                          "backgroundColor": "rgba(255, 255, 255, 1)",
                          "borderColor": "rgba(255, 255, 255, 1)",
                          "borderWidth": 1,
                          "height": 43,
                          "justifyContent": "center",
                          "marginTop": 20,
                          "width": 174,
                        }
                      }
                      testID={undefined}
                    >
                      <Text
                        accessible={true}
                        allowFontScaling={true}
                        disabled={false}
                        ellipsizeMode="tail"
                        style={
                          Array [
                            Object {
                              "fontSize": 12,
                            },
                            Object {
                              "color": "rgba(0, 0, 0, 1)",
                              "fontFamily": "AGaramondPro-Regular",
                              "opacity": 1,
                            },
                            Object {
                              "fontFamily": "AvantGardeGothicITC",
                            },
                          ]
                        }
                      >
                        GET STARTED
                      </Text>
                    </View>
                    <View
                      accessibilityComponentType={undefined}
                      accessibilityLabel={undefined}
                      accessibilityTraits={undefined}
                      accessible={true}
                      collapsable={undefined}
                      hitSlop={undefined}
                      nativeID={undefined}
                      onLayout={undefined}
                      onResponderGrant={[Function]}
                      onResponderMove={[Function]}
                      onResponderRelease={[Function]}
                      onResponderTerminate={[Function]}
                      onResponderTerminationRequest={[Function]}
                      onStartShouldSetResponder={[Function]}
                      style={
                        Object {
                          "alignItems": "center",
                          "backgroundColor": "rgba(0, 0, 0, 1)",
                          "borderColor": "rgba(0, 0, 0, 1)",
                          "borderWidth": 1,
                          "height": 43,
                          "justifyContent": "center",
                          "marginTop": 20,
                          "width": 174,
                        }
                      }
                      testID={undefined}
                    >
                      <Text
                        accessible={true}
                        allowFontScaling={true}
                        disabled={false}
                        ellipsizeMode="tail"
                        style={
                          Array [
                            Object {
                              "fontSize": 12,
                            },
                            Object {
                              "color": "rgba(255, 255, 255, 1)",
                              "fontFamily": "AGaramondPro-Regular",
                              "opacity": 1,
                            },
                            Object {
                              "fontFamily": "AvantGardeGothicITC",
                            },
                          ]
                        }
                      >
                        CLOSE
                      </Text>
                    </View>
                  </View>
                </View>
              </View>
            </View>
          </RCTScrollView>
        </View>
      </View>
    </RCTNavItem>
  </RCTNavigator>
</View>
`;
