// Jest Snapshot v1, https://goo.gl/fbAQLP

exports[`InvoicePreview renders correctly 1`] = `
<View
  style={
    Array [
      Object {
        "borderColor": "#e5e5e5",
        "borderWidth": 1,
        "flexDirection": "row",
        "height": 72,
      },
      undefined,
    ]
  }
>
  <Image
    source={1}
    style={
      Array [
        Object {
          "marginBottom": 12,
          "marginLeft": 12,
          "marginRight": 12,
          "marginTop": 12,
          "resizeMode": "contain",
          "width": 40,
        },
        undefined,
      ]
    }
  />
  <View
    style={
      Array [
        Object {
          "alignSelf": "center",
          "flexBasis": 0,
          "flexDirection": "column",
          "flexGrow": 1,
          "flexShrink": 1,
        },
        undefined,
      ]
    }
  >
    <Text
      accessible={true}
      allowFontScaling={true}
      disabled={false}
      ellipsizeMode="tail"
      style={
        Array [
          Object {
            "fontFamily": "AGaramondPro-Regular",
            "fontSize": 14,
          },
          undefined,
        ]
      }
    >
      Payment request
    </Text>
    <Text
      accessible={true}
      allowFontScaling={true}
      disabled={false}
      ellipsizeMode="tail"
      style={
        Array [
          Object {
            "fontFamily": "AGaramondPro-Regular",
            "fontSize": 14,
          },
          Array [
            Object {
              "fontWeight": "bold",
            },
            undefined,
          ],
        ]
      }
    >
      $420
    </Text>
  </View>
  <View
    style={
      Array [
        Object {
          "alignSelf": "center",
          "flexBasis": 0,
          "flexDirection": "column",
          "flexGrow": 1,
          "flexShrink": 1,
        },
        undefined,
      ]
    }
  >
    <View
      style={
        Array [
          Object {
            "height": 25,
            "marginLeft": 15,
            "width": 78,
          },
          undefined,
        ]
      }
    >
      <Text
        accessible={true}
        allowFontScaling={true}
        disabled={false}
        ellipsizeMode="tail"
        style={
          Array [
            Object {
              "color": "#cccccc",
              "fontWeight": "bold",
            },
            undefined,
          ]
        }
      >
        REFUNDED
      </Text>
    </View>
  </View>
</View>
`;
