// Jest Snapshot v1, https://goo.gl/fbAQLP

exports[`looks correct when rendererd 1`] = `
<Text
  accessible={true}
  allowFontScaling={true}
  ellipsizeMode="tail"
>
  {}
</Text>
`;
