// Jest Snapshot v1, https://goo.gl/fbAQLP

exports[`looks correct when rendered 1`] = `
<View
  style={
    Array [
      Object {
        "flexBasis": 0,
        "flexDirection": "column",
        "flexGrow": 1,
        "flexShrink": 1,
        "marginLeft": 20,
        "marginRight": 20,
      },
      undefined,
    ]
  }
>
  <View
    style={
      Array [
        Object {
          "alignSelf": "stretch",
          "flexDirection": "column",
          "marginTop": 10,
        },
        undefined,
      ]
    }
  >
    <View
      style={
        Array [
          Object {
            "flexDirection": "row",
            "justifyContent": "space-between",
          },
          undefined,
        ]
      }
    >
      <Image
        source={1}
        style={
          Array [
            Object {
              "height": 12,
              "transform": Array [
                Object {
                  "rotate": "180deg",
                },
              ],
              "width": 7,
            },
            undefined,
          ]
        }
      />
      <Text
        accessible={true}
        allowFontScaling={true}
        disabled={false}
        ellipsizeMode="tail"
        style={
          Array [
            Object {
              "color": "black",
              "fontSize": 11,
              "textAlign": "left",
            },
            Object {},
            Object {
              "fontFamily": "Avant Garde Gothic ITCW01Dm",
            },
          ]
        }
      >
        PATRICK PARRISH GALLERY
      </Text>
      <Text
        accessible={true}
        allowFontScaling={true}
        disabled={false}
        ellipsizeMode="tail"
        style={
          Array [
            Object {
              "color": "#cccccc",
              "fontSize": 11,
              "textAlign": "left",
            },
            Object {},
            Object {
              "fontFamily": "Avant Garde Gothic ITCW01Dm",
            },
          ]
        }
      >
        INFO
      </Text>
    </View>
    <View
      style={
        Array [
          Object {
            "borderColor": "#e5e5e5",
            "borderStyle": "dotted",
            "borderWidth": 1,
            "height": 1,
            "marginTop": 30,
          },
          undefined,
        ]
      }
    />
  </View>
  <View
    style={
      Array [
        Object {
          "flexDirection": "row",
        },
        Array [
          Object {
            "alignSelf": "stretch",
            "flexBasis": 0,
            "flexGrow": 1,
            "flexShrink": 1,
            "marginBottom": 10,
            "marginTop": 15,
          },
          undefined,
        ],
      ]
    }
  >
    <View
      style={
        Array [
          Object {
            "backgroundColor": "#e5e5e5",
            "borderRadius": 20,
            "height": 20,
            "width": 20,
          },
          undefined,
        ]
      }
    />
    <View
      style={
        Array [
          Object {
            "flexBasis": 0,
            "flexDirection": "column",
            "flexGrow": 1,
            "flexShrink": 1,
          },
          Array [
            Object {
              "marginLeft": 10,
            },
            undefined,
          ],
        ]
      }
    >
      <View
        style={
          Array [
            Object {
              "flexDirection": "row",
            },
            Array [
              Object {
                "alignSelf": "stretch",
                "marginBottom": 10,
              },
              undefined,
            ],
          ]
        }
      >
        <Text
          accessible={true}
          allowFontScaling={true}
          disabled={false}
          ellipsizeMode="tail"
          style={
            Array [
              Object {
                "color": "black",
                "fontSize": 11,
                "textAlign": "left",
              },
              Array [
                Object {
                  "marginRight": 10,
                },
                undefined,
              ],
              Object {
                "fontFamily": "Avant Garde Gothic ITCW01Dm",
              },
            ]
          }
        >
          PATRICK PARRISH
        </Text>
        <Text
          accessible={true}
          allowFontScaling={true}
          disabled={false}
          ellipsizeMode="tail"
          style={
            Array [
              Object {
                "color": "#cccccc",
                "fontSize": 11,
                "textAlign": "left",
              },
              Object {},
              Object {
                "fontFamily": "Avant Garde Gothic ITCW01Dm",
              },
            ]
          }
        >
          11:32AM
        </Text>
      </View>
      <Text
        accessible={true}
        allowFontScaling={true}
        disabled={false}
        ellipsizeMode="tail"
        style={
          Array [
            Object {
              "color": "black",
              "fontSize": 16,
              "textAlign": "left",
            },
            Object {},
            Object {
              "fontFamily": "AGaramondPro-Regular",
            },
          ]
        }
      >
        Hi Katarina, thanks for reaching out with your interest in this great piece by Ian Stell.
      </Text>
    </View>
  </View>
  <View
    keyboardVerticalOffset={0}
    onLayout={[Function]}
    style={
      Array [
        undefined,
        Object {
          "paddingBottom": 0,
        },
      ]
    }
  >
    <View
      active={false}
      style={
        Array [
          Object {
            "alignItems": "center",
            "backgroundColor": "#f8f8f8",
            "borderColor": "#e5e5e5",
            "borderRadius": 3,
            "borderWidth": 1,
            "flexDirection": "row",
            "justifyContent": "space-between",
            "marginBottom": 20,
          },
          undefined,
        ]
      }
    >
      <TextInput
        keyboardAppearance="dark"
        multiline={true}
        onChangeText={[Function]}
        onEndEditing={[Function]}
        onFocus={[Function]}
        placeholder="Reply..."
        placeholderTextColor="#666666"
        style={
          Object {
            "flex": 1,
            "fontFamily": "AGaramondPro-Regular",
            "fontSize": 12,
            "paddingBottom": 10,
            "paddingLeft": 10,
            "paddingRight": 10,
            "paddingTop": 10,
          }
        }
      />
      <Text
        accessibilityComponentType={undefined}
        accessibilityLabel={undefined}
        accessibilityTraits={undefined}
        accessible={true}
        allowFontScaling={true}
        containsText={false}
        disabled={false}
        ellipsizeMode="tail"
        hitSlop={undefined}
        nativeID={undefined}
        onLayout={undefined}
        onResponderGrant={[Function]}
        onResponderMove={[Function]}
        onResponderRelease={[Function]}
        onResponderTerminate={[Function]}
        onResponderTerminationRequest={[Function]}
        onStartShouldSetResponder={[Function]}
        style={
          Array [
            Object {
              "color": "#e5e5e5",
              "fontFamily": "Avant Garde Gothic ITCW01Dm",
              "fontSize": 12,
              "marginRight": 10,
            },
            undefined,
          ]
        }
        testID={undefined}
      >
        SEND
      </Text>
    </View>
  </View>
</View>
`;
