// Jest Snapshot v1, https://goo.gl/fbAQLP

exports[`looks like expected 1`] = `
<react-native-parallax-scroll-view
  backgroundColor="white"
  backgroundScrollSpeed={1}
  contentBackgroundColor="white"
  fadeOutForeground={false}
  onChangeHeaderVisibility={[Function]}
  parallaxHeaderContainerStyles={
    Object {
      "marginBottom": 0,
    }
  }
  parallaxHeaderHeight={200}
  renderBodyComponentHeader={[Function]}
  renderForeground={[Function]}
  renderStickyHeader={[Function]}
  scrollsToTop={true}
  stickyHeaderHeight={64}
  stickyHeaderIndices={
    Array [
      1,
    ]
  }
>
  <View
    style={
      Object {
        "marginTop": 20,
        "paddingLeft": 40,
        "paddingRight": 40,
      }
    }
  >
    <ArtworksGrid
      gene={
        Object {
          "_id": "a UUID",
          "description": "Here's some text",
          "filtered_artworks": Object {
            "aggregations": Array [
              Object {
                "counts": Object {
                  "count": "Yep",
                  "id": "OK",
                  "name": "Sure",
                },
                "slice": "1212",
              },
            ],
            "total": 12,
          },
          "id": "An ID",
          "name": "Example Gene",
          "trending_artists": Array [
            Object {
              "counts": Object {
                "artworks": 2,
                "for_sale_artworks": 1,
              },
              "id": "an artist",
              "image": Object {
                "large_version": "",
              },
              "name": "Artist name",
            },
          ],
        }
      }
      medium="painting"
      priceRange="*-100000"
      queryKey="gene.artworks"
      sort="-partner_updated_at"
    />
  </View>
</react-native-parallax-scroll-view>
`;
