// Jest Snapshot v1, https://goo.gl/fbAQLP

exports[`renders correctly 1`] = `
<RCTScrollView
  refreshControl={
    <RefreshControlMock
      onRefresh={[Function]}
      refreshing={false}
    />
  }
  style={
    Array [
      Object {
        "flexBasis": 0,
        "flexGrow": 1,
        "flexShrink": 1,
      },
      undefined,
    ]
  }
>
  <RCTRefreshControl />
  <View>
    <View
      style={
        Array [
          Object {
            "marginBottom": 40,
            "marginTop": 20,
          },
          undefined,
        ]
      }
    >
      <Text
        accessible={true}
        allowFontScaling={true}
        disabled={false}
        ellipsizeMode="tail"
        style={
          Array [
            Object {
              "color": "black",
              "fontSize": 30,
              "paddingLeft": 20,
              "paddingRight": 20,
              "textAlign": "left",
            },
            Array [
              Object {
                "marginBottom": -10,
              },
              undefined,
            ],
            Object {
              "fontFamily": "AGaramondPro-Regular",
            },
          ]
        }
      >
        Active Bids
      </Text>
      <View
        accessibilityComponentType={undefined}
        accessibilityLabel={undefined}
        accessibilityTraits={undefined}
        accessible={true}
        hitSlop={undefined}
        nativeID={undefined}
        onLayout={undefined}
        onResponderGrant={[Function]}
        onResponderMove={[Function]}
        onResponderRelease={[Function]}
        onResponderTerminate={[Function]}
        onResponderTerminationRequest={[Function]}
        onStartShouldSetResponder={[Function]}
        style={
          Array [
            Object {
              "alignSelf": "center",
              "height": 120,
              "marginLeft": 20,
              "marginRight": 20,
              "width": 708,
            },
            undefined,
          ]
        }
        testID={undefined}
      >
        <View
          style={
            Array [
              Object {
                "alignItems": "center",
                "flexBasis": 0,
                "flexDirection": "row",
                "flexGrow": 1,
                "flexShrink": 1,
              },
              undefined,
            ]
          }
        >
          <AROpaqueImageView
            imageURL={undefined}
            style={
              Array [
                Object {
                  "borderRadius": 4,
                  "height": 80,
                  "width": 80,
                },
                undefined,
              ]
            }
          />
          <View
            style={
              Array [
                Object {
                  "flexBasis": 0,
                  "flexDirection": "column",
                  "flexGrow": 1,
                  "flexShrink": 1,
                  "justifyContent": "center",
                  "marginBottom": 0,
                  "marginLeft": 10,
                  "marginRight": 10,
                  "marginTop": 0,
                },
                undefined,
              ]
            }
          >
            <Text
              accessible={true}
              allowFontScaling={true}
              disabled={false}
              ellipsizeMode="tail"
              style={
                Array [
                  Object {
                    "color": "#cccccc",
                    "fontSize": 11,
                    "textAlign": "left",
                  },
                  Array [
                    Object {
                      "color": "#f7625a",
                      "marginBottom": 3,
                    },
                    undefined,
                  ],
                  Object {
                    "fontFamily": "AvantGardeGothicITC",
                  },
                ]
              }
            >
              OUTBID
            </Text>
            <Text
              accessible={true}
              allowFontScaling={true}
              disabled={false}
              ellipsizeMode="tail"
              style={
                Array [
                  Object {
                    "color": "black",
                    "fontSize": 16,
                    "textAlign": "left",
                  },
                  undefined,
                  Object {},
                  Object {
                    "fontFamily": "AGaramondPro-Regular",
                  },
                ]
              }
            >
              Lot 14 · undefined 
            </Text>
            <Text
              accessible={true}
              allowFontScaling={true}
              disabled={false}
              ellipsizeMode="tail"
              style={
                Array [
                  Object {
                    "color": "black",
                    "fontSize": 16,
                    "textAlign": "left",
                  },
                  undefined,
                  Object {},
                  Object {
                    "fontFamily": "AGaramondPro-Regular",
                  },
                ]
              }
            >
              Current Bid: $1,100 
Highest Bid: $1,100
            </Text>
          </View>
        </View>
        <View
          style={
            Array [
              Object {
                "backgroundColor": "#e5e5e5",
                "height": 1,
                "width": "100%",
              },
              undefined,
            ]
          }
        />
      </View>
      <View
        accessibilityComponentType={undefined}
        accessibilityLabel={undefined}
        accessibilityTraits={undefined}
        accessible={true}
        hitSlop={undefined}
        nativeID={undefined}
        onLayout={undefined}
        onResponderGrant={[Function]}
        onResponderMove={[Function]}
        onResponderRelease={[Function]}
        onResponderTerminate={[Function]}
        onResponderTerminationRequest={[Function]}
        onStartShouldSetResponder={[Function]}
        style={
          Array [
            Object {
              "alignSelf": "center",
              "height": 120,
              "marginLeft": 20,
              "marginRight": 20,
              "width": 708,
            },
            undefined,
          ]
        }
        testID={undefined}
      >
        <View
          style={
            Array [
              Object {
                "alignItems": "center",
                "flexBasis": 0,
                "flexDirection": "row",
                "flexGrow": 1,
                "flexShrink": 1,
              },
              undefined,
            ]
          }
        >
          <AROpaqueImageView
            imageURL={undefined}
            style={
              Array [
                Object {
                  "borderRadius": 4,
                  "height": 80,
                  "width": 80,
                },
                undefined,
              ]
            }
          />
          <View
            style={
              Array [
                Object {
                  "flexBasis": 0,
                  "flexDirection": "column",
                  "flexGrow": 1,
                  "flexShrink": 1,
                  "justifyContent": "center",
                  "marginBottom": 0,
                  "marginLeft": 10,
                  "marginRight": 10,
                  "marginTop": 0,
                },
                undefined,
              ]
            }
          >
            <Text
              accessible={true}
              allowFontScaling={true}
              disabled={false}
              ellipsizeMode="tail"
              style={
                Array [
                  Object {
                    "color": "#cccccc",
                    "fontSize": 11,
                    "textAlign": "left",
                  },
                  Array [
                    Object {
                      "color": "#f7625a",
                      "marginBottom": 3,
                    },
                    undefined,
                  ],
                  Object {
                    "fontFamily": "AvantGardeGothicITC",
                  },
                ]
              }
            >
              OUTBID
            </Text>
            <Text
              accessible={true}
              allowFontScaling={true}
              disabled={false}
              ellipsizeMode="tail"
              style={
                Array [
                  Object {
                    "color": "black",
                    "fontSize": 16,
                    "textAlign": "left",
                  },
                  undefined,
                  Object {},
                  Object {
                    "fontFamily": "AGaramondPro-Regular",
                  },
                ]
              }
            >
              Lot 8 · undefined 
            </Text>
            <Text
              accessible={true}
              allowFontScaling={true}
              disabled={false}
              ellipsizeMode="tail"
              style={
                Array [
                  Object {
                    "color": "black",
                    "fontSize": 16,
                    "textAlign": "left",
                  },
                  undefined,
                  Object {},
                  Object {
                    "fontFamily": "AGaramondPro-Regular",
                  },
                ]
              }
            >
              Current Bid: $10,000 
Highest Bid: $10,000
            </Text>
          </View>
        </View>
        <View
          style={
            Array [
              Object {
                "backgroundColor": "#e5e5e5",
                "height": 1,
                "width": "100%",
              },
              undefined,
            ]
          }
        />
      </View>
      <View
        accessibilityComponentType={undefined}
        accessibilityLabel={undefined}
        accessibilityTraits={undefined}
        accessible={true}
        hitSlop={undefined}
        nativeID={undefined}
        onLayout={undefined}
        onResponderGrant={[Function]}
        onResponderMove={[Function]}
        onResponderRelease={[Function]}
        onResponderTerminate={[Function]}
        onResponderTerminationRequest={[Function]}
        onStartShouldSetResponder={[Function]}
        style={
          Array [
            Object {
              "alignSelf": "center",
              "height": 120,
              "marginLeft": 20,
              "marginRight": 20,
              "width": 708,
            },
            undefined,
          ]
        }
        testID={undefined}
      >
        <View
          style={
            Array [
              Object {
                "alignItems": "center",
                "flexBasis": 0,
                "flexDirection": "row",
                "flexGrow": 1,
                "flexShrink": 1,
              },
              undefined,
            ]
          }
        >
          <AROpaqueImageView
            imageURL={undefined}
            style={
              Array [
                Object {
                  "borderRadius": 4,
                  "height": 80,
                  "width": 80,
                },
                undefined,
              ]
            }
          />
          <View
            style={
              Array [
                Object {
                  "flexBasis": 0,
                  "flexDirection": "column",
                  "flexGrow": 1,
                  "flexShrink": 1,
                  "justifyContent": "center",
                  "marginBottom": 0,
                  "marginLeft": 10,
                  "marginRight": 10,
                  "marginTop": 0,
                },
                undefined,
              ]
            }
          >
            <Text
              accessible={true}
              allowFontScaling={true}
              disabled={false}
              ellipsizeMode="tail"
              style={
                Array [
                  Object {
                    "color": "#cccccc",
                    "fontSize": 11,
                    "textAlign": "left",
                  },
                  Array [
                    Object {
                      "color": "#f7625a",
                      "marginBottom": 3,
                    },
                    undefined,
                  ],
                  Object {
                    "fontFamily": "AvantGardeGothicITC",
                  },
                ]
              }
            >
              OUTBID
            </Text>
            <Text
              accessible={true}
              allowFontScaling={true}
              disabled={false}
              ellipsizeMode="tail"
              style={
                Array [
                  Object {
                    "color": "black",
                    "fontSize": 16,
                    "textAlign": "left",
                  },
                  undefined,
                  Object {},
                  Object {
                    "fontFamily": "AGaramondPro-Regular",
                  },
                ]
              }
            >
              Lot 2 · undefined 
            </Text>
            <Text
              accessible={true}
              allowFontScaling={true}
              disabled={false}
              ellipsizeMode="tail"
              style={
                Array [
                  Object {
                    "color": "black",
                    "fontSize": 16,
                    "textAlign": "left",
                  },
                  undefined,
                  Object {},
                  Object {
                    "fontFamily": "AGaramondPro-Regular",
                  },
                ]
              }
            >
              Current Bid: $5,000 
Highest Bid: $5,000
            </Text>
          </View>
        </View>
        <View
          style={
            Array [
              Object {
                "backgroundColor": "#e5e5e5",
                "height": 1,
                "width": "100%",
              },
              undefined,
            ]
          }
        />
      </View>
    </View>
    <View>
      <RCTScrollView
        dataSource={
          ListViewDataSource {
            "items": 2,
          }
        }
        enableEmptySections={true}
        initialListSize={10}
        onEndReached={[Function]}
        onEndReachedThreshold={100}
        renderHeader={[Function]}
        renderRow={[Function]}
        renderScrollComponent={[Function]}
        scrollEventThrottle={500}
      >
        <View>
          <View>
            <Text
              accessible={true}
              allowFontScaling={true}
              disabled={false}
              ellipsizeMode="tail"
              style={
                Array [
                  Object {
                    "color": "black",
                    "fontSize": 30,
                    "paddingLeft": 20,
                    "paddingRight": 20,
                    "textAlign": "left",
                  },
                  Array [
                    Object {
                      "marginBottom": -10,
                      "marginTop": 20,
                    },
                    undefined,
                  ],
                  Object {
                    "fontFamily": "AGaramondPro-Regular",
                  },
                ]
              }
            >
              Messages
            </Text>
          </View>
          <View
            accessibilityComponentType={undefined}
            accessibilityLabel={undefined}
            accessibilityTraits={undefined}
            accessible={true}
            hitSlop={undefined}
            nativeID={undefined}
            onLayout={undefined}
            onResponderGrant={[Function]}
            onResponderMove={[Function]}
            onResponderRelease={[Function]}
            onResponderTerminate={[Function]}
            onResponderTerminationRequest={[Function]}
            onStartShouldSetResponder={[Function]}
            style={
              Array [
                Object {
                  "flexBasis": 0,
                  "flexDirection": "column",
                  "flexGrow": 1,
                  "flexShrink": 1,
                },
                Array [
                  Object {
                    "alignItems": "center",
                    "height": 120,
                    "marginLeft": 20,
                    "marginRight": 20,
                  },
                  undefined,
                ],
              ]
            }
            testID={undefined}
          >
            <View
              style={
                Array [
                  Object {
                    "flexBasis": 0,
                    "flexDirection": "row",
                    "flexGrow": 1,
                    "flexShrink": 1,
                  },
                  Array [
                    Object {
                      "maxWidth": 708,
                    },
                    undefined,
                  ],
                ]
              }
            >
              <AROpaqueImageView
                imageURL="https://d32dm0rphc51dk.cloudfront.net/bJ9I_vJX9ksaKFJAkOAIKg/normalized.jpg"
                style={
                  Array [
                    Object {
                      "alignSelf": "center",
                      "borderRadius": 2,
                      "height": 80,
                      "width": 80,
                    },
                    undefined,
                  ]
                }
              />
              <View
                style={
                  Array [
                    Object {
                      "flexBasis": 0,
                      "flexDirection": "column",
                      "flexGrow": 1,
                      "flexShrink": 1,
                    },
                    Array [
                      Object {
                        "alignSelf": "center",
                        "height": 70,
                        "marginLeft": 10,
                      },
                      undefined,
                    ],
                  ]
                }
              >
                <View
                  style={
                    Array [
                      Object {
                        "flexBasis": 0,
                        "flexDirection": "row",
                        "flexGrow": 1,
                        "flexShrink": 1,
                      },
                      undefined,
                    ]
                  }
                >
                  <Text
                    accessible={true}
                    allowFontScaling={true}
                    disabled={false}
                    ellipsizeMode="tail"
                    style={
                      Array [
                        Object {
                          "color": "black",
                          "fontSize": 11,
                          "textAlign": "left",
                        },
                        undefined,
                        Object {},
                        Object {
                          "fontFamily": "AvantGardeGothicITC",
                        },
                      ]
                    }
                  >
                    ACA GALLERIES
                  </Text>
                  <View
                    style={
                      Array [
                        Object {
                          "flexBasis": 0,
                          "flexDirection": "row",
                          "flexGrow": 1,
                          "flexShrink": 1,
                        },
                        Array [
                          Object {
                            "justifyContent": "flex-end",
                          },
                          undefined,
                        ],
                      ]
                    }
                  />
                </View>
                <View
                  style={
                    Array [
                      Object {
                        "flexBasis": 0,
                        "flexDirection": "row",
                        "flexGrow": 1,
                        "flexShrink": 1,
                      },
                      undefined,
                    ]
                  }
                >
                  <Text
                    accessible={true}
                    allowFontScaling={true}
                    disabled={false}
                    ellipsizeMode="tail"
                    numberOfLines={1}
                    style={
                      Array [
                        Object {
                          "color": "black",
                          "fontSize": 16,
                          "textAlign": "left",
                        },
                        Object {},
                        Object {
                          "fontFamily": "AGaramondPro-Regular",
                        },
                      ]
                    }
                  >
                    <Text
                      accessible={true}
                      allowFontScaling={true}
                      disabled={false}
                      ellipsizeMode="tail"
                      style={
                        Array [
                          Object {
                            "color": "black",
                            "fontFamily": "AGaramondPro-Regular",
                            "fontSize": 16,
                          },
                          undefined,
                        ]
                      }
                    >
                      Bradley Theodore · 
                    </Text>
                    <Text
                      accessible={true}
                      allowFontScaling={true}
                      disabled={false}
                      ellipsizeMode="tail"
                      style={
                        Array [
                          Object {
                            "color": "black",
                            "fontFamily": "AGaramondPro-Regular",
                            "fontSize": 16,
                          },
                          Array [
                            Object {
                              "fontFamily": "AGaramondPro-Italic",
                            },
                            undefined,
                          ],
                        ]
                      }
                    >
                      Karl and Anna Face Off (Diptych), 
                    </Text>
                    <Text
                      accessible={true}
                      allowFontScaling={true}
                      disabled={false}
                      ellipsizeMode="tail"
                      style={
                        Array [
                          Object {
                            "color": "black",
                            "fontFamily": "AGaramondPro-Regular",
                            "fontSize": 16,
                          },
                          undefined,
                        ]
                      }
                    >
                      2016
                    </Text>
                  </Text>
                </View>
                <Text
                  accessible={true}
                  allowFontScaling={true}
                  disabled={false}
                  ellipsizeMode="tail"
                  numberOfLines={1}
                  style={
                    Array [
                      Object {
                        "color": "black",
                        "fontSize": 16,
                        "textAlign": "left",
                      },
                      Object {},
                      Object {
                        "fontFamily": "AGaramondPro-Regular",
                      },
                    ]
                  }
                >
                  Karl and Anna... Fab!
                </Text>
                <Text
                  accessible={true}
                  allowFontScaling={true}
                  disabled={false}
                  ellipsizeMode="tail"
                  style={
                    Array [
                      Object {
                        "color": "#cccccc",
                        "fontSize": 11,
                        "textAlign": "left",
                      },
                      Object {},
                      Object {
                        "fontFamily": "AvantGardeGothicITC",
                      },
                    ]
                  }
                >
                  A FEW SECONDS
                </Text>
              </View>
            </View>
            <View
              style={
                Array [
                  Object {
                    "alignSelf": "center",
                    "backgroundColor": "#e5e5e5",
                    "height": 1,
                    "width": 708,
                  },
                  undefined,
                ]
              }
            />
          </View>
          <View
            accessibilityComponentType={undefined}
            accessibilityLabel={undefined}
            accessibilityTraits={undefined}
            accessible={true}
            hitSlop={undefined}
            nativeID={undefined}
            onLayout={undefined}
            onResponderGrant={[Function]}
            onResponderMove={[Function]}
            onResponderRelease={[Function]}
            onResponderTerminate={[Function]}
            onResponderTerminationRequest={[Function]}
            onStartShouldSetResponder={[Function]}
            style={
              Array [
                Object {
                  "flexBasis": 0,
                  "flexDirection": "column",
                  "flexGrow": 1,
                  "flexShrink": 1,
                },
                Array [
                  Object {
                    "alignItems": "center",
                    "height": 120,
                    "marginLeft": 20,
                    "marginRight": 20,
                  },
                  undefined,
                ],
              ]
            }
            testID={undefined}
          >
            <View
              style={
                Array [
                  Object {
                    "flexBasis": 0,
                    "flexDirection": "row",
                    "flexGrow": 1,
                    "flexShrink": 1,
                  },
                  Array [
                    Object {
                      "maxWidth": 708,
                    },
                    undefined,
                  ],
                ]
              }
            >
              <AROpaqueImageView
                imageURL="https://d32dm0rphc51dk.cloudfront.net/FDIuqbZUY1kLR-1Pd-Ec8w/normalized.jpg"
                style={
                  Array [
                    Object {
                      "alignSelf": "center",
                      "borderRadius": 2,
                      "height": 80,
                      "width": 80,
                    },
                    undefined,
                  ]
                }
              />
              <View
                style={
                  Array [
                    Object {
                      "flexBasis": 0,
                      "flexDirection": "column",
                      "flexGrow": 1,
                      "flexShrink": 1,
                    },
                    Array [
                      Object {
                        "alignSelf": "center",
                        "height": 70,
                        "marginLeft": 10,
                      },
                      undefined,
                    ],
                  ]
                }
              >
                <View
                  style={
                    Array [
                      Object {
                        "flexBasis": 0,
                        "flexDirection": "row",
                        "flexGrow": 1,
                        "flexShrink": 1,
                      },
                      undefined,
                    ]
                  }
                >
                  <Text
                    accessible={true}
                    allowFontScaling={true}
                    disabled={false}
                    ellipsizeMode="tail"
                    style={
                      Array [
                        Object {
                          "color": "black",
                          "fontSize": 11,
                          "textAlign": "left",
                        },
                        undefined,
                        Object {},
                        Object {
                          "fontFamily": "AvantGardeGothicITC",
                        },
                      ]
                    }
                  >
                    DAVID KRUT PROJECTS
                  </Text>
                  <View
                    style={
                      Array [
                        Object {
                          "flexBasis": 0,
                          "flexDirection": "row",
                          "flexGrow": 1,
                          "flexShrink": 1,
                        },
                        Array [
                          Object {
                            "justifyContent": "flex-end",
                          },
                          undefined,
                        ],
                      ]
                    }
                  />
                </View>
                <View
                  style={
                    Array [
                      Object {
                        "flexBasis": 0,
                        "flexDirection": "row",
                        "flexGrow": 1,
                        "flexShrink": 1,
                      },
                      undefined,
                    ]
                  }
                >
                  <Text
                    accessible={true}
                    allowFontScaling={true}
                    disabled={false}
                    ellipsizeMode="tail"
                    numberOfLines={1}
                    style={
                      Array [
                        Object {
                          "color": "black",
                          "fontSize": 16,
                          "textAlign": "left",
                        },
                        Object {},
                        Object {
                          "fontFamily": "AGaramondPro-Regular",
                        },
                      ]
                    }
                  >
                    <Text
                      accessible={true}
                      allowFontScaling={true}
                      disabled={false}
                      ellipsizeMode="tail"
                      style={
                        Array [
                          Object {
                            "color": "black",
                            "fontFamily": "AGaramondPro-Regular",
                            "fontSize": 16,
                          },
                          undefined,
                        ]
                      }
                    >
                      Aida Muluneh · 
                    </Text>
                    <Text
                      accessible={true}
                      allowFontScaling={true}
                      disabled={false}
                      ellipsizeMode="tail"
                      style={
                        Array [
                          Object {
                            "color": "black",
                            "fontFamily": "AGaramondPro-Regular",
                            "fontSize": 16,
                          },
                          Array [
                            Object {
                              "fontFamily": "AGaramondPro-Italic",
                            },
                            undefined,
                          ],
                        ]
                      }
                    >
                      Darkness Give Way to Light, 
                    </Text>
                    <Text
                      accessible={true}
                      allowFontScaling={true}
                      disabled={false}
                      ellipsizeMode="tail"
                      style={
                        Array [
                          Object {
                            "color": "black",
                            "fontFamily": "AGaramondPro-Regular",
                            "fontSize": 16,
                          },
                          undefined,
                        ]
                      }
                    >
                      2016
                    </Text>
                  </Text>
                </View>
                <Text
                  accessible={true}
                  allowFontScaling={true}
                  disabled={false}
                  ellipsizeMode="tail"
                  numberOfLines={1}
                  style={
                    Array [
                      Object {
                        "color": "black",
                        "fontSize": 16,
                        "textAlign": "left",
                      },
                      Object {},
                      Object {
                        "fontFamily": "AGaramondPro-Regular",
                      },
                    ]
                  }
                >
                  Hi, I’m interested in purchasing this work.                     Could you please provide more information about the piece?
                </Text>
                <Text
                  accessible={true}
                  allowFontScaling={true}
                  disabled={false}
                  ellipsizeMode="tail"
                  style={
                    Array [
                      Object {
                        "color": "#cccccc",
                        "fontSize": 11,
                        "textAlign": "left",
                      },
                      Object {},
                      Object {
                        "fontFamily": "AvantGardeGothicITC",
                      },
                    ]
                  }
                >
                  A FEW SECONDS
                </Text>
              </View>
            </View>
            <View
              style={
                Array [
                  Object {
                    "alignSelf": "center",
                    "backgroundColor": "#e5e5e5",
                    "height": 1,
                    "width": 708,
                  },
                  undefined,
                ]
              }
            />
          </View>
        </View>
      </RCTScrollView>
    </View>
  </View>
</RCTScrollView>
`;
