// Jest Snapshot v1, https://goo.gl/fbAQLP

exports[`renders correctly 1`] = `
<View
  style={
    Array [
      Object {
        "backgroundColor": "white",
        "flexBasis": 0,
        "flexDirection": "column",
        "flexGrow": 1,
        "flexShrink": 1,
      },
    ]
  }
>
  <View
    onLayout={[Function]}
    style={
      Array [
        Object {
          "flex": 1,
        },
        Object {
          "paddingBottom": 0,
        },
      ]
    }
  >
    <View
      style={
        Object {
          "flexGrow": 1,
        }
      }
    >
      <View
        style={
          Array [
            Object {
              "alignSelf": "stretch",
              "flexDirection": "column",
              "marginBottom": 30,
              "marginTop": 10,
            },
          ]
        }
      >
        <View
          style={
            Array [
              Object {
                "flexDirection": "row",
                "justifyContent": "space-between",
              },
            ]
          }
        >
          <View
            accessible={true}
            focusable={true}
            isTVSelectable={true}
            onClick={[Function]}
            onResponderGrant={[Function]}
            onResponderMove={[Function]}
            onResponderRelease={[Function]}
            onResponderTerminate={[Function]}
            onResponderTerminationRequest={[Function]}
            onStartShouldSetResponder={[Function]}
            style={
              Object {
                "opacity": 1,
                "paddingLeft": 20,
              }
            }
          >
            <Text
              style={
                Array [
                  Object {
                    "color": "#cccccc",
                    "fontSize": 11,
                    "textAlign": "left",
                  },
                  Object {},
                  Object {
                    "fontFamily": "AvantGardeGothicITC",
                  },
                ]
              }
            >
              CANCEL
            </Text>
          </View>
          <View
            style={
              Array [
                Object {
                  "alignItems": "center",
                  "alignSelf": "center",
                  "marginTop": 6,
                },
              ]
            }
          >
            <Text
              style={
                Array [
                  Object {
                    "color": "black",
                    "fontSize": 11,
                    "textAlign": "left",
                  },
                  undefined,
                  Array [
                    Object {
                      "fontSize": 12,
                    },
                  ],
                  Object {
                    "fontFamily": "AvantGardeGothicITC",
                  },
                ]
              }
            >
              OTHER CRITERIA
            </Text>
            <View
              style={
                Array [
                  Object {
                    "alignItems": "center",
                    "flexBasis": 0,
                    "flexDirection": "row",
                    "flexGrow": 1,
                    "flexShrink": 1,
                    "marginTop": 5,
                    "minHeight": 12,
                  },
                ]
              }
            >
              <Text
                style={
                  Array [
                    Object {
                      "color": "black",
                      "fontSize": 11,
                      "textAlign": "left",
                    },
                    undefined,
                    Array [
                      Object {
                        "color": "#f1af1b",
                        "marginTop": 5,
                      },
                    ],
                    Object {
                      "fontFamily": "AvantGardeGothicITC",
                    },
                  ]
                }
              >
                 
              </Text>
            </View>
          </View>
          <Text
            style={
              Array [
                Object {
                  "color": "black",
                  "fontSize": 11,
                  "textAlign": "left",
                },
                undefined,
                Array [
                  Object {
                    "color": "white",
                    "paddingRight": 20,
                  },
                ],
                Object {
                  "fontFamily": "AvantGardeGothicITC",
                },
              ]
            }
          >
            CANCEL
          </Text>
        </View>
      </View>
      <View
        style={
          Array [
            Object {
              "alignSelf": "center",
              "marginLeft": 20,
              "marginRight": 20,
              "width": 472,
            },
          ]
        }
      >
        <View
          accessible={true}
          focusable={false}
          isTVSelectable={true}
          onClick={[Function]}
          onResponderGrant={[Function]}
          onResponderMove={[Function]}
          onResponderRelease={[Function]}
          onResponderTerminate={[Function]}
          onResponderTerminationRequest={[Function]}
          onStartShouldSetResponder={[Function]}
          style={null}
        >
          <View
            style={
              Array [
                Object {
                  "borderColor": "#e5e5e5",
                  "borderWidth": 1,
                  "flexDirection": "row",
                },
                null,
              ]
            }
          >
            <AROpaqueImageView
              imageURL="https://d32dm0rphc51dk.cloudfront.net/bJ9I_vJX9ksaKFJAkOAIKg/normalized.jpg"
              style={
                Array [
                  Object {
                    "height": 55,
                    "marginBottom": 12,
                    "marginLeft": 12,
                    "marginRight": 12,
                    "marginTop": 12,
                    "width": 80,
                  },
                ]
              }
            />
            <View
              style={
                Array [
                  Object {
                    "alignSelf": "center",
                    "flexBasis": 0,
                    "flexDirection": "column",
                    "flexGrow": 1,
                    "flexShrink": 1,
                  },
                ]
              }
            >
              <Text
                ellipsizeMode="tail"
                numberOfLines={1}
                style={
                  Array [
                    Object {
                      "color": "black",
                      "fontSize": 16,
                      "textAlign": "left",
                    },
                    Array [
                      Object {
                        "fontSize": 14,
                      },
                    ],
                    Object {
                      "fontFamily": "ReactNativeAGaramondPro-Regular",
                    },
                  ]
                }
              >
                Bradley Theodore
              </Text>
              <View
                style={
                  Array [
                    Object {
                      "flexDirection": "row",
                      "justifyContent": "flex-start",
                      "marginRight": 12,
                      "marginTop": 3,
                    },
                  ]
                }
              >
                <Text
                  ellipsizeMode="middle"
                  numberOfLines={1}
                  style={
                    Array [
                      Object {
                        "color": "black",
                        "fontSize": 14,
                      },
                      Object {},
                      Object {
                        "fontFamily": "ReactNativeAGaramondPro-Italic",
                      },
                    ]
                  }
                >
                  Karl and Anna Face Off (Diptych)
                  <Text
                    style={
                      Array [
                        Object {
                          "fontFamily": "ReactNativeAGaramondPro-Regular",
                        },
                      ]
                    }
                  >
                    , 2016
                  </Text>
                </Text>
              </View>
            </View>
          </View>
        </View>
        <TextInput
          allowFontScaling={true}
          autoFocus={false}
          keyboardAppearance="dark"
          multiline={true}
          onChangeText={[Function]}
          onEndEditing={[Function]}
          rejectResponderTermination={true}
          style={
            Array [
              Object {
                "fontFamily": "ReactNativeAGaramondPro-Regular",
                "fontSize": 16,
                "marginTop": 20,
              },
            ]
          }
          underlineColorAndroid="transparent"
          value="Hi, I'm interested in purchasing this work. Could you please provide me with more information about the piece?"
        />
      </View>
    </View>
    <View
      style={
        Array [
          Object {
            "borderBottomWidth": 0,
            "borderColor": "#E5E5E5",
            "borderStyle": "solid",
            "borderWidth": 1,
            "width": "100%",
          },
        ]
      }
      width="100%"
    />
    <View
      mb={1}
      style={
        Array [
          Object {
            "marginBottom": 10,
          },
        ]
      }
    />
    <View
      px={2}
      style={
        Array [
          Object {
            "paddingLeft": 20,
            "paddingRight": 20,
          },
        ]
      }
    >
      <View
        accessible={true}
        flexDirection="row"
        focusable={true}
        onClick={[Function]}
        onResponderGrant={[Function]}
        onResponderMove={[Function]}
        onResponderRelease={[Function]}
        onResponderTerminate={[Function]}
        onResponderTerminationRequest={[Function]}
        onStartShouldSetResponder={[Function]}
        style={
          Array [
            Object {
              "display": "flex",
              "flexDirection": "row",
            },
          ]
        }
      >
        <View
          block={true}
          disabled={false}
          onPress={[Function]}
          px={2}
          size="medium"
          style={
            Array [
              Object {
                "alignItems": "center",
                "borderRadius": 3,
                "borderWidth": 1,
                "justifyContent": "center",
                "paddingLeft": 20,
                "paddingRight": 20,
                "position": "relative",
                "width": "100%",
              },
              Object {
                "backgroundColor": "rgba(0, 0, 0, 1)",
                "borderColor": "rgba(0, 0, 0, 1)",
                "color": "rgba(255, 255, 255, 1)",
                "height": 41,
                "opacity": 1,
              },
            ]
          }
          theme={
            Object {
              "borders": Array [
                "1px solid",
                "2px solid",
              ],
              "breakpoints": Array [
                768,
                900,
                1024,
                1192,
              ],
              "colors": Object {
                "black10": "#E5E5E5",
                "black100": "#000",
                "black30": "#C2C2C2",
                "black5": "#F8F8F8",
                "black60": "#666",
                "black80": "#333",
                "green100": "#0EDA83",
                "purple100": "#6E1EFF",
                "purple30": "#D3BBFF",
                "purple5": "#F8F3FF",
                "red100": "#F7625A",
                "white100": "#FFF",
                "yellow10": "#FDF7E8",
                "yellow100": "#F1AF1B",
                "yellow30": "#FAE7BA",
              },
              "fontFamily": Object {
                "display": Object {
                  "regular": "AvantGardeGothicITC",
                },
                "sans": Object {
                  "italic": "Unica77LL-Italic",
                  "medium": "Unica77LL-Medium",
                  "mediumItalic": "Unica77LL-MediumItalic",
                  "regular": "Unica77LL-Regular",
                },
                "serif": Object {
                  "italic": "ReactNativeAGaramondPro-Italic",
                  "regular": "ReactNativeAGaramondPro-Regular",
                  "semibold": "ReactNativeAGaramondPro-Semibold",
                },
              },
              "grid": Object {
                "breakpoints": Object {
                  "lg": 1024,
                  "md": 900,
                  "sm": 768,
                  "xl": 1192,
                  "xs": 767,
                },
                "col": Object {
                  "padding": 0,
                },
                "container": Object {
                  "padding": 0,
                },
                "row": Object {
                  "padding": 0,
                },
              },
              "mediaQueries": Object {
                "hover": "not all and (pointer: coarse), not all and (-moz-touch-enabled: 1)",
                "lg": "(min-width: 1024px) and (max-width: 1191px)",
                "md": "(min-width: 900px) and (max-width: 1023px)",
                "sm": "(min-width: 768px) and (max-width: 899px)",
                "xl": "(min-width: 1192px)",
                "xs": "(max-width: 767px)",
              },
              "space": Object {
                "0.3": 3,
                "0.5": 5,
                "1": 10,
                "12": 120,
                "18": 180,
                "2": 20,
                "3": 30,
                "4": 40,
                "6": 60,
                "9": 90,
              },
              "typeSizes": Object {
                "display": Object {
                  "2": Object {
                    "fontSize": 10,
                    "lineHeight": 12,
                  },
                  "3t": Object {
                    "fontSize": 12,
                    "lineHeight": 16,
                  },
                  "4t": Object {
                    "fontSize": 14,
                    "lineHeight": 18,
                  },
                  "5t": Object {
                    "fontSize": 16,
                    "lineHeight": 20,
                  },
                  "6": Object {
                    "fontSize": 18,
                    "lineHeight": 22,
                  },
                  "8": Object {
                    "fontSize": 22,
                    "lineHeight": 24,
                  },
                },
                "sans": Object {
                  "0": Object {
                    "fontSize": 8,
                    "lineHeight": 8,
                  },
                  "1": Object {
                    "fontSize": 10,
                    "lineHeight": 14,
                  },
                  "10": Object {
                    "fontSize": 42,
                    "lineHeight": 50,
                  },
                  "12": Object {
                    "fontSize": 60,
                    "lineHeight": 66,
                  },
                  "14": Object {
                    "fontSize": 80,
                    "lineHeight": 84,
                  },
                  "16": Object {
                    "fontSize": 100,
                    "lineHeight": 104,
                  },
                  "2": Object {
                    "fontSize": 12,
                    "lineHeight": 16,
                  },
                  "3": Object {
                    "fontSize": 14,
                    "lineHeight": 24,
                  },
                  "3t": Object {
                    "fontSize": 14,
                    "lineHeight": 20,
                  },
                  "4": Object {
                    "fontSize": 16,
                    "lineHeight": 26,
                  },
                  "4t": Object {
                    "fontSize": 16,
                    "lineHeight": 22,
                  },
                  "5": Object {
                    "fontSize": 18,
                    "lineHeight": 30,
                  },
                  "5t": Object {
                    "fontSize": 18,
                    "lineHeight": 26,
                  },
                  "6": Object {
                    "fontSize": 22,
                    "lineHeight": 30,
                  },
                  "8": Object {
                    "fontSize": 28,
                    "lineHeight": 36,
                  },
                },
                "serif": Object {
                  "1": Object {
                    "fontSize": 12,
                    "lineHeight": 16,
                  },
                  "10": Object {
                    "fontSize": 44,
                    "lineHeight": 50,
                  },
                  "12": Object {
                    "fontSize": 60,
                    "lineHeight": 70,
                  },
                  "2": Object {
                    "fontSize": 14,
                    "lineHeight": 18,
                  },
                  "3": Object {
                    "fontSize": 16,
                    "lineHeight": 24,
                  },
                  "3t": Object {
                    "fontSize": 16,
                    "lineHeight": 20,
                  },
                  "4": Object {
                    "fontSize": 18,
                    "lineHeight": 26,
                  },
                  "4t": Object {
                    "fontSize": 18,
                    "lineHeight": 22,
                  },
                  "5": Object {
                    "fontSize": 22,
                    "lineHeight": 32,
                  },
                  "5t": Object {
                    "fontSize": 22,
                    "lineHeight": 28,
                  },
                  "6": Object {
                    "fontSize": 26,
                    "lineHeight": 32,
                  },
                  "8": Object {
                    "fontSize": 32,
                    "lineHeight": 38,
                  },
                },
              },
            }
          }
          variant="primaryBlack"
          width="100%"
        >
          <View
            style={
              Array [
                Object {
                  "alignItems": "center",
                  "display": "flex",
                  "flexDirection": "row",
                  "height": "100%",
                  "justifyContent": "center",
                  "position": "absolute",
                  "width": "100%",
                },
              ]
            }
          >
            <Text
              color="#FFF"
              fontFamily="Unica77LL-Medium"
              fontSize="14px"
              lineHeight="20px"
              style={
                Array [
                  Object {
                    "color": "#FFF",
                    "fontFamily": "Unica77LL-Medium",
                    "fontSize": 14,
                    "lineHeight": 20,
                  },
                  Object {},
                ]
              }
            >
              Send
            </Text>
          </View>
          <Text
            fontFamily="Unica77LL-Medium"
            fontSize="14px"
            lineHeight="20px"
            role="presentation"
            style={
              Array [
                Object {
                  "fontFamily": "Unica77LL-Medium",
                  "fontSize": 14,
                  "lineHeight": 20,
                },
                Object {
                  "opacity": 0,
                },
              ]
            }
          >
            Send
          </Text>
        </View>
      </View>
    </View>
    <View
      mb={1}
      style={
        Array [
          Object {
            "marginBottom": 10,
          },
        ]
      }
    />
  </View>
</View>
`;
