// Jest Snapshot v1, https://goo.gl/fbAQLP

exports[`state looks okay by default 1`] = `
<View
  onLayout={[Function]}
  style={
    Array [
      undefined,
      Object {
        "backgroundColor": "transparent",
        "flex": 1,
      },
    ]
  }
>
  <View
    style={
      Object {
        "backgroundColor": "white",
        "height": 200,
        "opacity": 1,
        "overflow": "hidden",
        "position": "absolute",
        "top": 0,
        "transform": Array [
          Object {
            "translateY": 0,
          },
          Object {
            "scale": 1,
          },
        ],
        "width": 750,
      }
    }
  >
    <View>
      <View />
    </View>
  </View>
  <RCTScrollView
    onChangeHeaderVisibility={[Function]}
    onScroll={[Function]}
    parallaxHeaderContainerStyles={
      Object {
        "marginBottom": 0,
      }
    }
    scrollEventThrottle={16}
    scrollsToTop={true}
    stickyHeaderIndices={
      Array [
        1,
      ]
    }
    style={
      Array [
        Object {
          "backgroundColor": "transparent",
        },
        undefined,
      ]
    }
  >
    <View>
      <View
        style={
          Array [
            Object {
              "backgroundColor": "transparent",
              "overflow": "hidden",
            },
            Object {
              "marginBottom": 0,
            },
          ]
        }
      >
        <View
          style={
            Object {
              "backgroundColor": "transparent",
              "height": 200,
              "opacity": 1,
              "overflow": "hidden",
            }
          }
        >
          <View
            style={
              Object {
                "height": 200,
              }
            }
          >
            <View
              style={
                Array [
                  Object {
                    "backgroundColor": "white",
                    "paddingLeft": 40,
                    "paddingRight": 40,
                  },
                  Object {
                    "alignSelf": "center",
                    "width": 330,
                  },
                ]
              }
            >
              <Header
                sale={
                  Object {
                    "saleArtworks": Array [
                      Object {
                        "artwork": Object {
                          "node": Object {
                            "artists": Array [
                              Object {
                                "name": "Jenny Holzer",
                              },
                            ],
                            "date": "2008",
                            "href": "/artwork/jenny-holzer-talking-politics",
                            "id": "artwork-talking-politics",
                            "image": Object {
                              "aspect_ratio": 1.27,
                              "url": "artsy.net/image-url",
                            },
                            "is_in_auction": false,
                            "partner": Object {
                              "name": "Kukje Gallery",
                            },
                            "sale_message": "Not for sale",
                            "title": "TALKING POLITICS",
                          },
                        },
                      },
                    ],
                  }
                }
                showImage={true}
              />
            </View>
          </View>
        </View>
      </View>
      <View>
        <View
          style={
            Object {
              "backgroundColor": "white",
            }
          }
        >
          <View
            style={
              Array [
                Object {
                  "backgroundColor": "#e5e5e5",
                  "height": 1,
                  "marginLeft": -40,
                  "marginRight": -40,
                },
                Object {
                  "backgroundColor": "#e5e5e5",
                  "marginTop": 0,
                },
              ]
            }
          />
          <View
            style={
              Array [
                Object {
                  "flexDirection": "row",
                  "height": 26,
                  "justifyContent": "space-between",
                  "marginBottom": 12,
                  "marginTop": 12,
                },
                Object {
                  "paddingLeft": 40,
                  "paddingRight": 40,
                },
              ]
            }
          >
            <Text
              numberOfLines={1}
              style={
                Array [
                  Object {
                    "fontSize": 17,
                  },
                  Object {
                    "fontStyle": "italic",
                    "marginTop": 2,
                    "maxWidth": 580,
                  },
                  Object {
                    "fontFamily": "AGaramondPro-Regular",
                  },
                ]
              }
            >
              Hey replace me!
            </Text>
            <View
              accessible={true}
              flexDirection="row"
              onResponderGrant={[Function]}
              onResponderMove={[Function]}
              onResponderRelease={[Function]}
              onResponderTerminate={[Function]}
              onResponderTerminationRequest={[Function]}
              onStartShouldSetResponder={[Function]}
              style={
                Array [
                  Object {
                    "display": "flex",
                    "flexDirection": "row",
                  },
                ]
              }
            >
              <View
                onPress={[Function]}
                px={1}
                size="small"
                style={
                  Array [
                    Object {
                      "alignItems": "center",
                      "borderRadius": 3,
                      "borderWidth": 1,
                      "justifyContent": "center",
                      "paddingLeft": 10,
                      "paddingRight": 10,
                      "position": "relative",
                      "width": "auto",
                    },
                    Object {
                      "backgroundColor": "rgba(255, 255, 255, 1)",
                      "borderColor": "rgba(229, 229, 229, 1)",
                      "color": "rgba(0, 0, 0, 1)",
                      "height": 26,
                      "opacity": 1,
                    },
                  ]
                }
                theme={
                  Object {
                    "borders": Array [
                      "1px solid",
                      "2px solid",
                    ],
                    "breakpoints": Array [
                      768,
                      900,
                      1024,
                      1192,
                    ],
                    "colors": Object {
                      "black10": "#E5E5E5",
                      "black100": "#000",
                      "black30": "#C2C2C2",
                      "black5": "#F8F8F8",
                      "black60": "#666",
                      "black80": "#333",
                      "green100": "#0EDA83",
                      "purple100": "#6E1EFF",
                      "purple30": "#D3BBFF",
                      "purple5": "#F8F3FF",
                      "red100": "#F7625A",
                      "white100": "#FFF",
                      "yellow10": "#FDF7E8",
                      "yellow100": "#F1AF1B",
                      "yellow30": "#FAE7BA",
                    },
                    "fontFamily": Object {
                      "display": Object {
                        "regular": "AvantGardeGothicITC",
                      },
                      "sans": Object {
                        "italic": "Unica77LL-Italic",
                        "medium": "Unica77LL-Medium",
                        "mediumItalic": "Unica77LL-MediumItalic",
                        "regular": "Unica77LL-Regular",
                      },
                      "serif": Object {
                        "italic": "ReactNativeAGaramondPro-Italic",
                        "regular": "ReactNativeAGaramondPro-Regular",
                        "semibold": "ReactNativeAGaramondPro-Semibold",
                      },
                    },
                    "grid": Object {
                      "breakpoints": Object {
                        "lg": 1024,
                        "md": 900,
                        "sm": 768,
                        "xl": 1192,
                        "xs": 767,
                      },
                      "col": Object {
                        "padding": 0,
                      },
                      "container": Object {
                        "padding": 0,
                      },
                      "row": Object {
                        "padding": 0,
                      },
                    },
                    "mediaQueries": Object {
                      "hover": "not all and (pointer: coarse), not all and (-moz-touch-enabled: 1)",
                      "lg": "(min-width: 1024px) and (max-width: 1191px)",
                      "md": "(min-width: 900px) and (max-width: 1023px)",
                      "sm": "(min-width: 768px) and (max-width: 899px)",
                      "xl": "(min-width: 1192px)",
                      "xs": "(max-width: 767px)",
                    },
                    "space": Object {
                      "0.3": 3,
                      "0.5": 5,
                      "1": 10,
                      "12": 120,
                      "18": 180,
                      "2": 20,
                      "3": 30,
                      "4": 40,
                      "6": 60,
                      "9": 90,
                    },
                    "typeSizes": Object {
                      "display": Object {
                        "2": Object {
                          "fontSize": 10,
                          "lineHeight": 12,
                        },
                        "3t": Object {
                          "fontSize": 12,
                          "lineHeight": 16,
                        },
                        "4t": Object {
                          "fontSize": 14,
                          "lineHeight": 18,
                        },
                        "5t": Object {
                          "fontSize": 16,
                          "lineHeight": 20,
                        },
                        "6": Object {
                          "fontSize": 18,
                          "lineHeight": 22,
                        },
                        "8": Object {
                          "fontSize": 22,
                          "lineHeight": 24,
                        },
                      },
                      "sans": Object {
                        "0": Object {
                          "fontSize": 8,
                          "lineHeight": 8,
                        },
                        "1": Object {
                          "fontSize": 10,
                          "lineHeight": 14,
                        },
                        "10": Object {
                          "fontSize": 42,
                          "lineHeight": 50,
                        },
                        "12": Object {
                          "fontSize": 60,
                          "lineHeight": 66,
                        },
                        "14": Object {
                          "fontSize": 80,
                          "lineHeight": 84,
                        },
                        "16": Object {
                          "fontSize": 100,
                          "lineHeight": 104,
                        },
                        "2": Object {
                          "fontSize": 12,
                          "lineHeight": 16,
                        },
                        "3": Object {
                          "fontSize": 14,
                          "lineHeight": 24,
                        },
                        "3t": Object {
                          "fontSize": 14,
                          "lineHeight": 20,
                        },
                        "4": Object {
                          "fontSize": 16,
                          "lineHeight": 26,
                        },
                        "4t": Object {
                          "fontSize": 16,
                          "lineHeight": 22,
                        },
                        "5": Object {
                          "fontSize": 18,
                          "lineHeight": 30,
                        },
                        "5t": Object {
                          "fontSize": 18,
                          "lineHeight": 26,
                        },
                        "6": Object {
                          "fontSize": 22,
                          "lineHeight": 30,
                        },
                        "8": Object {
                          "fontSize": 28,
                          "lineHeight": 36,
                        },
                      },
                      "serif": Object {
                        "1": Object {
                          "fontSize": 12,
                          "lineHeight": 16,
                        },
                        "10": Object {
                          "fontSize": 44,
                          "lineHeight": 50,
                        },
                        "12": Object {
                          "fontSize": 60,
                          "lineHeight": 70,
                        },
                        "2": Object {
                          "fontSize": 14,
                          "lineHeight": 18,
                        },
                        "3": Object {
                          "fontSize": 16,
                          "lineHeight": 24,
                        },
                        "3t": Object {
                          "fontSize": 16,
                          "lineHeight": 20,
                        },
                        "4": Object {
                          "fontSize": 18,
                          "lineHeight": 26,
                        },
                        "4t": Object {
                          "fontSize": 18,
                          "lineHeight": 22,
                        },
                        "5": Object {
                          "fontSize": 22,
                          "lineHeight": 32,
                        },
                        "5t": Object {
                          "fontSize": 22,
                          "lineHeight": 28,
                        },
                        "6": Object {
                          "fontSize": 26,
                          "lineHeight": 32,
                        },
                        "8": Object {
                          "fontSize": 32,
                          "lineHeight": 38,
                        },
                      },
                    },
                  }
                }
                variant="secondaryOutline"
              >
                <View
                  style={
                    Array [
                      Object {
                        "alignItems": "center",
                        "display": "flex",
                        "flexDirection": "row",
                        "height": "100%",
                        "justifyContent": "center",
                        "position": "absolute",
                        "width": "100%",
                      },
                    ]
                  }
                >
                  <Text
                    color="#000"
                    fontFamily="Unica77LL-Medium"
                    fontSize="12px"
                    lineHeight="16px"
                    style={
                      Array [
                        Object {
                          "color": "#000",
                          "fontFamily": "Unica77LL-Medium",
                          "fontSize": 12,
                          "lineHeight": 16,
                        },
                        Object {},
                      ]
                    }
                  >
                    Refine
                  </Text>
                </View>
                <Text
                  fontFamily="Unica77LL-Medium"
                  fontSize="12px"
                  lineHeight="16px"
                  role="presentation"
                  style={
                    Array [
                      Object {
                        "fontFamily": "Unica77LL-Medium",
                        "fontSize": 12,
                        "lineHeight": 16,
                      },
                      Object {
                        "opacity": 0,
                      },
                    ]
                  }
                >
                  Refine
                </Text>
              </View>
            </View>
          </View>
          <View
            style={
              Array [
                Object {
                  "backgroundColor": "#e5e5e5",
                  "height": 1,
                  "marginLeft": -40,
                  "marginRight": -40,
                },
                Object {
                  "backgroundColor": "#e5e5e5",
                },
              ]
            }
          />
        </View>
      </View>
      <View
        onLayout={[Function]}
        style={
          Object {
            "backgroundColor": "white",
          }
        }
      >
        <View
          style={
            Object {
              "marginTop": 20,
              "paddingLeft": 40,
              "paddingRight": 40,
            }
          }
        >
          <ArtworksGrid
            mapConnectionNodeToArtwork={[Function]}
            mapPropsToArtworksConnection={[Function]}
            sale={
              Object {
                "saleArtworks": Array [
                  Object {
                    "artwork": Object {
                      "node": Object {
                        "artists": Array [
                          Object {
                            "name": "Jenny Holzer",
                          },
                        ],
                        "date": "2008",
                        "href": "/artwork/jenny-holzer-talking-politics",
                        "id": "artwork-talking-politics",
                        "image": Object {
                          "aspect_ratio": 1.27,
                          "url": "artsy.net/image-url",
                        },
                        "is_in_auction": false,
                        "partner": Object {
                          "name": "Kukje Gallery",
                        },
                        "sale_message": "Not for sale",
                        "title": "TALKING POLITICS",
                      },
                    },
                  },
                ],
              }
            }
          />
        </View>
      </View>
      <View
        style={
          Object {
            "backgroundColor": "white",
          }
        }
      />
    </View>
  </RCTScrollView>
  <View
    style={
      Array [
        Object {
          "backgroundColor": "transparent",
          "left": 0,
          "overflow": "hidden",
          "position": "absolute",
          "top": 0,
        },
        Object {
          "height": 64,
          "width": 750,
        },
      ]
    }
  >
    <View
      style={
        Object {
          "backgroundColor": "white",
          "height": 64,
          "opacity": 0,
        }
      }
    >
      <View
        style={
          Object {
            "transform": Array [
              Object {
                "translateY": 64,
              },
            ],
          }
        }
      >
        <View
          style={
            Object {
              "backgroundColor": "white",
              "paddingLeft": 40,
              "paddingRight": 40,
            }
          }
        >
          <Header
            sale={
              Object {
                "saleArtworks": Array [
                  Object {
                    "artwork": Object {
                      "node": Object {
                        "artists": Array [
                          Object {
                            "name": "Jenny Holzer",
                          },
                        ],
                        "date": "2008",
                        "href": "/artwork/jenny-holzer-talking-politics",
                        "id": "artwork-talking-politics",
                        "image": Object {
                          "aspect_ratio": 1.27,
                          "url": "artsy.net/image-url",
                        },
                        "is_in_auction": false,
                        "partner": Object {
                          "name": "Kukje Gallery",
                        },
                        "sale_message": "Not for sale",
                        "title": "TALKING POLITICS",
                      },
                    },
                  },
                ],
              }
            }
            showImage={false}
          />
        </View>
      </View>
    </View>
  </View>
</View>
`;
