// Jest Snapshot v1, https://goo.gl/fbAQLP

exports[`with notifications lays out correctly on larger screens 1`] = `
<View
  style={
    Object {
      "flex": 1,
    }
  }
>
  <Text
    fontFamily="Unica77LL-Regular"
    fontSize="16px"
    lineHeight="26px"
    mb={1}
    mt={2}
    style={
      Array [
        Object {
          "fontFamily": "Unica77LL-Regular",
          "fontSize": 16,
          "lineHeight": 26,
          "marginBottom": 10,
          "marginTop": 20,
          "textAlign": "center",
        },
        Object {},
      ]
    }
    textAlign="center"
  >
    New Works for You
  </Text>
  <View
    style={
      Array [
        Object {
          "borderBottomWidth": 0,
          "borderColor": "#E5E5E5",
          "borderStyle": "solid",
          "borderWidth": 1,
          "width": "100%",
        },
      ]
    }
    width="100%"
  />
  <RCTScrollView
    ItemSeparatorComponent={[Function]}
    ListEmptyComponent={null}
    ListFooterComponent={null}
    data={Array []}
    disableVirtualization={false}
    getItem={[Function]}
    getItemCount={[Function]}
    horizontal={false}
    initialNumToRender={10}
    keyExtractor={[Function]}
    maxToRenderPerBatch={10}
    numColumns={1}
    onContentSizeChange={[Function]}
    onEndReached={[Function]}
    onEndReachedThreshold={2}
    onLayout={[Function]}
    onMomentumScrollEnd={[Function]}
    onScroll={[Function]}
    onScrollBeginDrag={[Function]}
    onScrollEndDrag={[Function]}
    refreshControl={
      <RefreshControlMock
        onRefresh={[Function]}
        refreshing={false}
      />
    }
    removeClippedSubviews={false}
    renderItem={[Function]}
    scrollEventThrottle={50}
    stickyHeaderIndices={Array []}
    updateCellsBatchingPeriod={50}
    viewabilityConfigCallbackPairs={Array []}
    windowSize={21}
  >
    <RCTRefreshControl />
    <View />
  </RCTScrollView>
</View>
`;

exports[`with notifications lays out correctly on small screens 1`] = `
<View
  style={
    Object {
      "flex": 1,
    }
  }
>
  <Text
    fontFamily="Unica77LL-Regular"
    fontSize="16px"
    lineHeight="26px"
    mb={1}
    mt={2}
    style={
      Array [
        Object {
          "fontFamily": "Unica77LL-Regular",
          "fontSize": 16,
          "lineHeight": 26,
          "marginBottom": 10,
          "marginTop": 20,
          "textAlign": "center",
        },
        Object {},
      ]
    }
    textAlign="center"
  >
    New Works for You
  </Text>
  <View
    style={
      Array [
        Object {
          "borderBottomWidth": 0,
          "borderColor": "#E5E5E5",
          "borderStyle": "solid",
          "borderWidth": 1,
          "width": "100%",
        },
      ]
    }
    width="100%"
  />
  <RCTScrollView
    ItemSeparatorComponent={[Function]}
    ListEmptyComponent={null}
    ListFooterComponent={null}
    data={Array []}
    disableVirtualization={false}
    getItem={[Function]}
    getItemCount={[Function]}
    horizontal={false}
    initialNumToRender={10}
    keyExtractor={[Function]}
    maxToRenderPerBatch={10}
    numColumns={1}
    onContentSizeChange={[Function]}
    onEndReached={[Function]}
    onEndReachedThreshold={2}
    onLayout={[Function]}
    onMomentumScrollEnd={[Function]}
    onScroll={[Function]}
    onScrollBeginDrag={[Function]}
    onScrollEndDrag={[Function]}
    refreshControl={
      <RefreshControlMock
        onRefresh={[Function]}
        refreshing={false}
      />
    }
    removeClippedSubviews={false}
    renderItem={[Function]}
    scrollEventThrottle={50}
    stickyHeaderIndices={Array []}
    updateCellsBatchingPeriod={50}
    viewabilityConfigCallbackPairs={Array []}
    windowSize={21}
  >
    <RCTRefreshControl />
    <View />
  </RCTScrollView>
</View>
`;

exports[`without notifications lays out correctly on larger screens 1`] = `
<View
  style={
    Object {
      "flex": 1,
    }
  }
>
  <Text
    fontFamily="Unica77LL-Regular"
    fontSize="16px"
    lineHeight="26px"
    mb={1}
    mt={2}
    style={
      Array [
        Object {
          "fontFamily": "Unica77LL-Regular",
          "fontSize": 16,
          "lineHeight": 26,
          "marginBottom": 10,
          "marginTop": 20,
          "textAlign": "center",
        },
        Object {},
      ]
    }
    textAlign="center"
  >
    New Works for You
  </Text>
  <View
    style={
      Array [
        Object {
          "borderBottomWidth": 0,
          "borderColor": "#E5E5E5",
          "borderStyle": "solid",
          "borderWidth": 1,
          "width": "100%",
        },
      ]
    }
    width="100%"
  />
  <RCTScrollView
    ItemSeparatorComponent={[Function]}
    ListEmptyComponent={null}
    ListFooterComponent={null}
    data={Array []}
    disableVirtualization={false}
    getItem={[Function]}
    getItemCount={[Function]}
    horizontal={false}
    initialNumToRender={10}
    keyExtractor={[Function]}
    maxToRenderPerBatch={10}
    numColumns={1}
    onContentSizeChange={[Function]}
    onEndReached={[Function]}
    onEndReachedThreshold={2}
    onLayout={[Function]}
    onMomentumScrollEnd={[Function]}
    onScroll={[Function]}
    onScrollBeginDrag={[Function]}
    onScrollEndDrag={[Function]}
    refreshControl={
      <RefreshControlMock
        onRefresh={[Function]}
        refreshing={false}
      />
    }
    removeClippedSubviews={false}
    renderItem={[Function]}
    scrollEventThrottle={50}
    stickyHeaderIndices={Array []}
    updateCellsBatchingPeriod={50}
    viewabilityConfigCallbackPairs={Array []}
    windowSize={21}
  >
    <RCTRefreshControl />
    <View />
  </RCTScrollView>
</View>
`;

exports[`without notifications lays out correctly on small screens 1`] = `
<View
  style={
    Object {
      "flex": 1,
    }
  }
>
  <Text
    fontFamily="Unica77LL-Regular"
    fontSize="16px"
    lineHeight="26px"
    mb={1}
    mt={2}
    style={
      Array [
        Object {
          "fontFamily": "Unica77LL-Regular",
          "fontSize": 16,
          "lineHeight": 26,
          "marginBottom": 10,
          "marginTop": 20,
          "textAlign": "center",
        },
        Object {},
      ]
    }
    textAlign="center"
  >
    New Works for You
  </Text>
  <View
    style={
      Array [
        Object {
          "borderBottomWidth": 0,
          "borderColor": "#E5E5E5",
          "borderStyle": "solid",
          "borderWidth": 1,
          "width": "100%",
        },
      ]
    }
    width="100%"
  />
  <RCTScrollView
    ItemSeparatorComponent={[Function]}
    ListEmptyComponent={null}
    ListFooterComponent={null}
    data={Array []}
    disableVirtualization={false}
    getItem={[Function]}
    getItemCount={[Function]}
    horizontal={false}
    initialNumToRender={10}
    keyExtractor={[Function]}
    maxToRenderPerBatch={10}
    numColumns={1}
    onContentSizeChange={[Function]}
    onEndReached={[Function]}
    onEndReachedThreshold={2}
    onLayout={[Function]}
    onMomentumScrollEnd={[Function]}
    onScroll={[Function]}
    onScrollBeginDrag={[Function]}
    onScrollEndDrag={[Function]}
    refreshControl={
      <RefreshControlMock
        onRefresh={[Function]}
        refreshing={false}
      />
    }
    removeClippedSubviews={false}
    renderItem={[Function]}
    scrollEventThrottle={50}
    stickyHeaderIndices={Array []}
    updateCellsBatchingPeriod={50}
    viewabilityConfigCallbackPairs={Array []}
    windowSize={21}
  >
    <RCTRefreshControl />
    <View />
  </RCTScrollView>
</View>
`;
