// Jest Snapshot v1, https://goo.gl/fbAQLP

exports[`looks correct when rendered 1`] = `
Array [
  <View
    pb={0}
    pt={3}
    px={2}
    style={
      Array [
        Object {
          "paddingBottom": 0,
          "paddingLeft": 8,
          "paddingRight": 8,
          "paddingTop": 16,
        },
        undefined,
      ]
    }
  >
    <View
      m={2}
      style={
        Array [
          Object {
            "marginBottom": 8,
            "marginLeft": 8,
            "marginRight": 8,
            "marginTop": 8,
          },
          undefined,
        ]
      }
    />
    <Text
      accessible={true}
      allowFontScaling={true}
      className="sc-bdVaJa bDWFJH"
      ellipsizeMode="tail"
      fontFamily="Unica77LL-Regular"
      fontSize="14px"
      lineHeight="24px"
      mb={0.5}
      style={
        Array [
          Object {
            "fontFamily": "Unica77LL-Regular",
            "fontSize": 14,
            "lineHeight": 24,
            "marginBottom": 0.5,
          },
          undefined,
        ]
      }
    >
      Anderson Fine Art Gallery
    </Text>
    <Text
      accessible={true}
      allowFontScaling={true}
      className="sc-bwzfXH uTxCW"
      ellipsizeMode="tail"
      fontFamily="AGaramondPro-Regular"
      fontSize="32px"
      lineHeight={34}
      style={
        Array [
          Object {
            "fontFamily": "AGaramondPro-Regular",
            "fontSize": 32,
            "lineHeight": 34,
          },
          undefined,
        ]
      }
    >
      Flickinger Collection
    </Text>
    <Text
      accessible={true}
      allowFontScaling={true}
      className="sc-bdVaJa bDWFJH"
      ellipsizeMode="tail"
      fontFamily="Unica77LL-Regular"
      fontSize="14px"
      lineHeight="24px"
      style={
        Array [
          Object {
            "fontFamily": "Unica77LL-Regular",
            "fontSize": 14,
            "lineHeight": 24,
          },
          undefined,
        ]
      }
    >
      Jul 1 â€“ Oct 30
    </Text>
  </View>,
  <View
    my={2}
    style={
      Array [
        Object {
          "marginBottom": 8,
          "marginTop": 8,
        },
        undefined,
      ]
    }
  >
    <RCTScrollView
      horizontal={true}
      scrollEventThrottle={160}
      showsHorizontalScrollIndicator={false}
      style={
        Array [
          Object {
            "height": 350,
            "paddingLeft": 20,
          },
          undefined,
        ]
      }
    >
      <View>
        <View
          alignItems="flex-start"
          mr={1}
          style={
            Array [
              Object {
                "alignItems": "flex-start",
                "display": "flex",
                "marginRight": 4,
              },
              undefined,
            ]
          }
        >
          <AROpaqueImageView
            aspectRatio={0.87}
            imageURL="https://d32dm0rphc51dk.cloudfront.net/Bu7ONuoTlR-PLZDUjs6ZTA/medium.jpg"
            isFirst={true}
            style={
              Array [
                Object {
                  "height": 200,
                  "marginTop": 150,
                  "width": 650,
                },
                undefined,
              ]
            }
          />
        </View>
      </View>
    </RCTScrollView>
  </View>,
  <View
    mb={4}
    px={2}
    style={
      Array [
        Object {
          "marginBottom": 32,
          "paddingLeft": 8,
          "paddingRight": 8,
        },
        undefined,
      ]
    }
  >
    <View
      flexDirection="row"
      flexWrap="wrap"
      mb="8"
      style={
        Array [
          Object {
            "display": "flex",
            "flexDirection": "row",
            "flexWrap": "wrap",
            "marginBottom": 512,
          },
          undefined,
        ]
      }
    >
      <Text
        accessible={true}
        allowFontScaling={true}
        className="sc-bdVaJa bDWFJH"
        ellipsizeMode="tail"
        fontFamily="Unica77LL-Regular"
        fontSize="14px"
        lineHeight="19"
        style={
          Array [
            Object {
              "fontFamily": "Unica77LL-Regular",
              "fontSize": 14,
              "lineHeight": 19,
            },
            undefined,
          ]
        }
      >
        Works by 
      </Text>
      <View
        accessible={true}
        isTVSelectable={true}
        onResponderGrant={[Function]}
        onResponderMove={[Function]}
        onResponderRelease={[Function]}
        onResponderTerminate={[Function]}
        onResponderTerminationRequest={[Function]}
        onStartShouldSetResponder={[Function]}
        style={
          Object {
            "opacity": 1,
          }
        }
      >
        <Text
          accessible={true}
          allowFontScaling={true}
          className="sc-bdVaJa bDWFJH"
          ellipsizeMode="tail"
          fontFamily="Unica77LL-Medium"
          fontSize="14px"
          lineHeight="19"
          style={
            Array [
              Object {
                "fontFamily": "Unica77LL-Medium",
                "fontSize": 14,
                "lineHeight": 19,
              },
              undefined,
            ]
          }
        >
          Hans Hofmann, 
        </Text>
      </View>
      <View
        accessible={true}
        isTVSelectable={true}
        onResponderGrant={[Function]}
        onResponderMove={[Function]}
        onResponderRelease={[Function]}
        onResponderTerminate={[Function]}
        onResponderTerminationRequest={[Function]}
        onStartShouldSetResponder={[Function]}
        style={
          Object {
            "opacity": 1,
          }
        }
      >
        <Text
          accessible={true}
          allowFontScaling={true}
          className="sc-bdVaJa bDWFJH"
          ellipsizeMode="tail"
          fontFamily="Unica77LL-Medium"
          fontSize="14px"
          lineHeight="19"
          style={
            Array [
              Object {
                "fontFamily": "Unica77LL-Medium",
                "fontSize": 14,
                "lineHeight": 19,
              },
              undefined,
            ]
          }
        >
          David Hockney
        </Text>
      </View>
      <Text
        accessible={true}
        allowFontScaling={true}
        className="sc-bdVaJa bDWFJH"
        ellipsizeMode="tail"
        fontFamily="Unica77LL-Regular"
        fontSize="14px"
        lineHeight="19"
        style={
          Array [
            Object {
              "fontFamily": "Unica77LL-Regular",
              "fontSize": 14,
              "lineHeight": 19,
            },
            undefined,
          ]
        }
      >
         and 
      </Text>
      <View
        accessible={true}
        isTVSelectable={true}
        onResponderGrant={[Function]}
        onResponderMove={[Function]}
        onResponderRelease={[Function]}
        onResponderTerminate={[Function]}
        onResponderTerminationRequest={[Function]}
        onStartShouldSetResponder={[Function]}
        style={
          Object {
            "opacity": 1,
          }
        }
      >
        <Text
          accessible={true}
          allowFontScaling={true}
          className="sc-bdVaJa bDWFJH"
          ellipsizeMode="tail"
          fontFamily="Unica77LL-Medium"
          fontSize="14px"
          lineHeight="19"
          style={
            Array [
              Object {
                "fontFamily": "Unica77LL-Medium",
                "fontSize": 14,
                "lineHeight": 19,
              },
              undefined,
            ]
          }
        >
          16 others
        </Text>
      </View>
    </View>
    <View
      mt={1}
      style={
        Array [
          Object {
            "marginTop": 4,
          },
          undefined,
        ]
      }
    />
    <View
      accessible={true}
      onResponderGrant={[Function]}
      onResponderMove={[Function]}
      onResponderRelease={[Function]}
      onResponderTerminate={[Function]}
      onResponderTerminationRequest={[Function]}
      onStartShouldSetResponder={[Function]}
      style={
        Object {
          "alignItems": "center",
          "backgroundColor": "rgba(0, 0, 0, 1)",
          "borderColor": "rgba(0, 0, 0, 1)",
          "borderRadius": 2,
          "borderWidth": 1,
          "height": 46,
          "justifyContent": "center",
          "opacity": 1,
        }
      }
    >
      <Text
        accessible={true}
        allowFontScaling={true}
        className="sc-bdVaJa bDWFJH"
        color="white"
        ellipsizeMode="tail"
        fontFamily="Unica77LL-Medium"
        fontSize="14px"
        lineHeight="24px"
        style={
          Array [
            Object {
              "color": "white",
              "fontFamily": "Unica77LL-Medium",
              "fontSize": 14,
              "lineHeight": 24,
            },
            undefined,
          ]
        }
      >
        Save show
      </Text>
    </View>
    <View
      m={1}
      style={
        Array [
          Object {
            "marginBottom": 4,
            "marginLeft": 4,
            "marginRight": 4,
            "marginTop": 4,
          },
          undefined,
        ]
      }
    />
    <Text
      accessible={true}
      allowFontScaling={true}
      className="sc-bwzfXH uTxCW"
      ellipsizeMode="tail"
      fontFamily="AGaramondPro-Regular"
      fontSize="16px"
      lineHeight="20px"
      style={
        Array [
          Object {
            "fontFamily": "AGaramondPro-Regular",
            "fontSize": 16,
            "lineHeight": 20,
          },
          undefined,
        ]
      }
    >
      Masterworks on paper, prints, paintings, and sculptures by mainstay postwar and contemporary artists are the focus in this exclusive exhibition showcasing the discerning connoisseurship of Tom & Penny Flickinger, lifelong collectors, and trustees of the Albright Knox Art Gallery.
    </Text>
    <View
      m={1}
      style={
        Array [
          Object {
            "marginBottom": 4,
            "marginLeft": 4,
            "marginRight": 4,
            "marginTop": 4,
          },
          undefined,
        ]
      }
    />
    <View
      accessible={true}
      align-items="base-line"
      flexDirection="row"
      onResponderGrant={[Function]}
      onResponderMove={[Function]}
      onResponderRelease={[Function]}
      onResponderTerminate={[Function]}
      onResponderTerminationRequest={[Function]}
      onStartShouldSetResponder={[Function]}
      style={
        Array [
          Object {
            "display": "flex",
            "flexDirection": "row",
          },
          undefined,
        ]
      }
    >
      <Text
        accessible={true}
        allowFontScaling={true}
        className="sc-bdVaJa bDWFJH"
        ellipsizeMode="tail"
        fontFamily="Unica77LL-Medium"
        fontSize="14px"
        lineHeight="20px"
        style={
          Array [
            Object {
              "fontFamily": "Unica77LL-Medium",
              "fontSize": 14,
              "lineHeight": 20,
            },
            undefined,
          ]
        }
      >
        View more information
      </Text>
      <View
        ml={1}
        style={
          Array [
            Object {
              "marginLeft": 4,
            },
            undefined,
          ]
        }
      >
        <RNSVGSvgView
          align="xMidYMid"
          bbHeight={16}
          bbWidth={16}
          height={16}
          meetOrSlice={0}
          minX={0}
          minY={0}
          style={
            Array [
              Object {
                "backgroundColor": "transparent",
                "borderWidth": 0,
              },
              Object {
                "top": 1,
              },
              false,
              Object {
                "flex": 0,
                "height": 16,
                "width": 16,
              },
            ]
          }
          vbHeight={54}
          vbWidth={54}
          width={16}
        >
          <RNSVGGroup
            fill={
              Array [
                0,
                0,
                0,
                0,
                1,
              ]
            }
            fillOpacity={1}
            fillRule={1}
            font={Object {}}
            matrix={
              Array [
                1,
                0,
                -0,
                1,
                0,
                0,
              ]
            }
            opacity={1}
            originX={0}
            originY={0}
            propList={
              Array [
                "fill",
                "fillOpacity",
                "fillRule",
                "stroke",
                "strokeWidth",
                "strokeOpacity",
                "strokeDasharray",
                "strokeDashoffset",
                "strokeLinecap",
                "strokeLinejoin",
                "strokeMiterlimit",
              ]
            }
            rotation={0}
            scaleX={1}
            scaleY={1}
            skewX={0}
            skewY={0}
            stroke={null}
            strokeDasharray={null}
            strokeDashoffset={null}
            strokeLinecap={0}
            strokeLinejoin={0}
            strokeMiterlimit={4}
            strokeOpacity={1}
            strokeWidth={1}
            x={0}
            y={0}
          >
            <RNSVGGroup
              fill={
                Array [
                  0,
                  0,
                  0,
                  0,
                  1,
                ]
              }
              fillOpacity={1}
              fillRule={1}
              font={Object {}}
              matrix={
                Array [
                  1,
                  0,
                  -0,
                  1,
                  0,
                  0,
                ]
              }
              opacity={1}
              originX={0}
              originY={0}
              propList={Array []}
              rotation={0}
              scaleX={1}
              scaleY={1}
              skewX={0}
              skewY={0}
              stroke={null}
              strokeDasharray={null}
              strokeDashoffset={null}
              strokeLinecap={0}
              strokeLinejoin={0}
              strokeMiterlimit={4}
              strokeOpacity={1}
              strokeWidth={1}
              x={0}
              y={0}
            >
              <RNSVGPath
                d="M18.192 7.92L32.498 27 18.192 46.08a1 1 0 0 0 .2 1.4l1.6 1.2a1 1 0 0 0 1.4-.2L36.597 28.2a2 2 0 0 0 0-2.4L21.392 5.52a1 1 0 0 0-1.4-.2l-1.6 1.2a1 1 0 0 0-.2 1.4z"
                fill={
                  Array [
                    0,
                    0.7607843137254902,
                    0.7607843137254902,
                    0.7607843137254902,
                    1,
                  ]
                }
                fillOpacity={1}
                fillRule={0}
                matrix={
                  Array [
                    1,
                    0,
                    -0,
                    1,
                    0,
                    0,
                  ]
                }
                opacity={1}
                originX={0}
                originY={0}
                propList={
                  Array [
                    "fill",
                    "fillRule",
                  ]
                }
                rotation={0}
                scaleX={1}
                scaleY={1}
                skewX={0}
                skewY={0}
                stroke={null}
                strokeDasharray={null}
                strokeDashoffset={null}
                strokeLinecap={0}
                strokeLinejoin={0}
                strokeMiterlimit={4}
                strokeOpacity={1}
                strokeWidth={1}
                x={0}
                y={0}
              />
            </RNSVGGroup>
          </RNSVGGroup>
        </RNSVGSvgView>
      </View>
    </View>
  </View>,
]
`;
